Archive member included to satisfy reference by file (symbol)

C:/ST/STM32CubeIDE_2.0.0/STM32CubeIDE/plugins/com.st.stm32cube.ide.mcu.externaltools.gnu-tools-for-stm32.13.3.rel1.win32_1.0.100.202509120712/tools/bin/../lib/gcc/arm-none-eabi/13.3.1/../../../../arm-none-eabi/lib/thumb/v7-m/nofp\libc_nano.a(libc_a-exit.o)
                              C:/ST/STM32CubeIDE_2.0.0/STM32CubeIDE/plugins/com.st.stm32cube.ide.mcu.externaltools.gnu-tools-for-stm32.13.3.rel1.win32_1.0.100.202509120712/tools/bin/../lib/gcc/arm-none-eabi/13.3.1/../../../../arm-none-eabi/lib/thumb/v7-m/nofp/crt0.o (exit)
C:/ST/STM32CubeIDE_2.0.0/STM32CubeIDE/plugins/com.st.stm32cube.ide.mcu.externaltools.gnu-tools-for-stm32.13.3.rel1.win32_1.0.100.202509120712/tools/bin/../lib/gcc/arm-none-eabi/13.3.1/../../../../arm-none-eabi/lib/thumb/v7-m/nofp\libc_nano.a(libc_a-findfp.o)
                              C:/ST/STM32CubeIDE_2.0.0/STM32CubeIDE/plugins/com.st.stm32cube.ide.mcu.externaltools.gnu-tools-for-stm32.13.3.rel1.win32_1.0.100.202509120712/tools/bin/../lib/gcc/arm-none-eabi/13.3.1/../../../../arm-none-eabi/lib/thumb/v7-m/nofp\libc_nano.a(libc_a-exit.o) (__stdio_exit_handler)
C:/ST/STM32CubeIDE_2.0.0/STM32CubeIDE/plugins/com.st.stm32cube.ide.mcu.externaltools.gnu-tools-for-stm32.13.3.rel1.win32_1.0.100.202509120712/tools/bin/../lib/gcc/arm-none-eabi/13.3.1/../../../../arm-none-eabi/lib/thumb/v7-m/nofp\libc_nano.a(libc_a-fwalk.o)
                              C:/ST/STM32CubeIDE_2.0.0/STM32CubeIDE/plugins/com.st.stm32cube.ide.mcu.externaltools.gnu-tools-for-stm32.13.3.rel1.win32_1.0.100.202509120712/tools/bin/../lib/gcc/arm-none-eabi/13.3.1/../../../../arm-none-eabi/lib/thumb/v7-m/nofp\libc_nano.a(libc_a-findfp.o) (_fwalk_sglue)
C:/ST/STM32CubeIDE_2.0.0/STM32CubeIDE/plugins/com.st.stm32cube.ide.mcu.externaltools.gnu-tools-for-stm32.13.3.rel1.win32_1.0.100.202509120712/tools/bin/../lib/gcc/arm-none-eabi/13.3.1/../../../../arm-none-eabi/lib/thumb/v7-m/nofp\libc_nano.a(libc_a-sprintf.o)
                              ./Core/Src/app_relay.o (sprintf)
C:/ST/STM32CubeIDE_2.0.0/STM32CubeIDE/plugins/com.st.stm32cube.ide.mcu.externaltools.gnu-tools-for-stm32.13.3.rel1.win32_1.0.100.202509120712/tools/bin/../lib/gcc/arm-none-eabi/13.3.1/../../../../arm-none-eabi/lib/thumb/v7-m/nofp\libc_nano.a(libc_a-stdio.o)
                              C:/ST/STM32CubeIDE_2.0.0/STM32CubeIDE/plugins/com.st.stm32cube.ide.mcu.externaltools.gnu-tools-for-stm32.13.3.rel1.win32_1.0.100.202509120712/tools/bin/../lib/gcc/arm-none-eabi/13.3.1/../../../../arm-none-eabi/lib/thumb/v7-m/nofp\libc_nano.a(libc_a-findfp.o) (__sread)
C:/ST/STM32CubeIDE_2.0.0/STM32CubeIDE/plugins/com.st.stm32cube.ide.mcu.externaltools.gnu-tools-for-stm32.13.3.rel1.win32_1.0.100.202509120712/tools/bin/../lib/gcc/arm-none-eabi/13.3.1/../../../../arm-none-eabi/lib/thumb/v7-m/nofp\libc_nano.a(libc_a-memset.o)
                              C:/ST/STM32CubeIDE_2.0.0/STM32CubeIDE/plugins/com.st.stm32cube.ide.mcu.externaltools.gnu-tools-for-stm32.13.3.rel1.win32_1.0.100.202509120712/tools/bin/../lib/gcc/arm-none-eabi/13.3.1/../../../../arm-none-eabi/lib/thumb/v7-m/nofp/crt0.o (memset)
C:/ST/STM32CubeIDE_2.0.0/STM32CubeIDE/plugins/com.st.stm32cube.ide.mcu.externaltools.gnu-tools-for-stm32.13.3.rel1.win32_1.0.100.202509120712/tools/bin/../lib/gcc/arm-none-eabi/13.3.1/../../../../arm-none-eabi/lib/thumb/v7-m/nofp\libc_nano.a(libc_a-strstr.o)
                              ./Core/Src/app_relay.o (strstr)
C:/ST/STM32CubeIDE_2.0.0/STM32CubeIDE/plugins/com.st.stm32cube.ide.mcu.externaltools.gnu-tools-for-stm32.13.3.rel1.win32_1.0.100.202509120712/tools/bin/../lib/gcc/arm-none-eabi/13.3.1/../../../../arm-none-eabi/lib/thumb/v7-m/nofp\libc_nano.a(libc_a-closer.o)
                              C:/ST/STM32CubeIDE_2.0.0/STM32CubeIDE/plugins/com.st.stm32cube.ide.mcu.externaltools.gnu-tools-for-stm32.13.3.rel1.win32_1.0.100.202509120712/tools/bin/../lib/gcc/arm-none-eabi/13.3.1/../../../../arm-none-eabi/lib/thumb/v7-m/nofp\libc_nano.a(libc_a-stdio.o) (_close_r)
C:/ST/STM32CubeIDE_2.0.0/STM32CubeIDE/plugins/com.st.stm32cube.ide.mcu.externaltools.gnu-tools-for-stm32.13.3.rel1.win32_1.0.100.202509120712/tools/bin/../lib/gcc/arm-none-eabi/13.3.1/../../../../arm-none-eabi/lib/thumb/v7-m/nofp\libc_nano.a(libc_a-reent.o)
                              C:/ST/STM32CubeIDE_2.0.0/STM32CubeIDE/plugins/com.st.stm32cube.ide.mcu.externaltools.gnu-tools-for-stm32.13.3.rel1.win32_1.0.100.202509120712/tools/bin/../lib/gcc/arm-none-eabi/13.3.1/../../../../arm-none-eabi/lib/thumb/v7-m/nofp\libc_nano.a(libc_a-closer.o) (errno)
C:/ST/STM32CubeIDE_2.0.0/STM32CubeIDE/plugins/com.st.stm32cube.ide.mcu.externaltools.gnu-tools-for-stm32.13.3.rel1.win32_1.0.100.202509120712/tools/bin/../lib/gcc/arm-none-eabi/13.3.1/../../../../arm-none-eabi/lib/thumb/v7-m/nofp\libc_nano.a(libc_a-impure.o)
[...]
Memory Configuration

Name             Origin             Length             Attributes
RAM              0x20000000         0x00005000         xrw
FLASH            0x08000000         0x00010000         xr
*default*        0x00000000         0xffffffff

Linker script and memory map

LOAD C:/ST/STM32CubeIDE_2.0.0/STM32CubeIDE/plugins/com.st.stm32cube.ide.mcu.externaltools.gnu-tools-for-stm32.13.3.rel1.win32_1.0.100.202509120712/tools/bin/../lib/gcc/arm-none-eabi/13.3.1/thumb/v7-m/nofp/crti.o
LOAD C:/ST/STM32CubeIDE_2.0.0/STM32CubeIDE/plugins/com.st.stm32cube.ide.mcu.externaltools.gnu-tools-for-stm32.13.3.rel1.win32_1.0.100.202509120712/tools/bin/../lib/gcc/arm-none-eabi/13.3.1/thumb/v7-m/nofp/crtbegin.o
LOAD C:/ST/STM32CubeIDE_2.0.0/STM32CubeIDE/plugins/com.st.stm32cube.ide.mcu.externaltools.gnu-tools-for-stm32.13.3.rel1.win32_1.0.100.202509120712/tools/bin/../lib/gcc/arm-none-eabi/13.3.1/../../../../arm-none-eabi/lib/thumb/v7-m/nofp/crt0.o
LOAD ./Core/Src/app_relay.o
LOAD ./Core/Src/main.o
LOAD ./Core/Src/stm32f1xx_hal_msp.o
LOAD ./Core/Src/stm32f1xx_it.o
LOAD ./Core/Src/syscalls.o
LOAD ./Core/Src/sysmem.o
LOAD ./Core/Src/system_stm32f1xx.o
LOAD ./Core/Src/wiznet/socket.o
LOAD ./Core/Src/wiznet/w5500.o
LOAD ./Core/Src/wiznet/w5500_port.o
LOAD ./Core/Src/wiznet/wizchip_conf.o
LOAD ./Core/Startup/startup_stm32f103c8tx.o
LOAD ./Drivers/STM32F1xx_HAL_Driver/Src/stm32f1xx_hal.o
LOAD ./Drivers/STM32F1xx_HAL_Driver/Src/stm32f1xx_hal_cortex.o
LOAD ./Drivers/STM32F1xx_HAL_Driver/Src/stm32f1xx_hal_dma.o
LOAD ./Drivers/STM32F1xx_HAL_Driver/Src/stm32f1xx_hal_exti.o
LOAD ./Drivers/STM32F1xx_HAL_Driver/Src/stm32f1xx_hal_flash.o
LOAD ./Drivers/STM32F1xx_HAL_Driver/Src/stm32f1xx_hal_flash_ex.o
LOAD ./Drivers/STM32F1xx_HAL_Driver/Src/stm32f1xx_hal_gpio.o
LOAD ./Drivers/STM32F1xx_HAL_Driver/Src/stm32f1xx_hal_gpio_ex.o
LOAD ./Drivers/STM32F1xx_HAL_Driver/Src/stm32f1xx_hal_pwr.o
LOAD ./Drivers/STM32F1xx_HAL_Driver/Src/stm32f1xx_hal_rcc.o
LOAD ./Drivers/STM32F1xx_HAL_Driver/Src/stm32f1xx_hal_rcc_ex.o
LOAD ./Drivers/STM32F1xx_HAL_Driver/Src/stm32f1xx_hal_spi.o
LOAD ./Drivers/STM32F1xx_HAL_Driver/Src/stm32f1xx_hal_uart.o
START GROUP
LOAD C:/ST/STM32CubeIDE_2.0.0/STM32CubeIDE/plugins/com.st.stm32cube.ide.mcu.externaltools.gnu-tools-for-stm32.13.3.rel1.win32_1.0.100.202509120712/tools/bin/../lib/gcc/arm-none-eabi/13.3.1/../../../../arm-none-eabi/lib/thumb/v7-m/nofp\libc_nano.a
LOAD C:/ST/STM32CubeIDE_2.0.0/STM32CubeIDE/plugins/com.st.stm32cube.ide.mcu.externaltools.gnu-tools-for-stm32.13.3.rel1.win32_1.0.100.202509120712/tools/bin/../lib/gcc/arm-none-eabi/13.3.1/../../../../arm-none-eabi/lib/thumb/v7-m/nofp\libm.a
END GROUP
START GROUP
LOAD C:/ST/STM32CubeIDE_2.0.0/STM32CubeIDE/plugins/com.st.stm32cube.ide.mcu.externaltools.gnu-tools-for-stm32.13.3.rel1.win32_1.0.100.202509120712/tools/bin/../lib/gcc/arm-none-eabi/13.3.1/thumb/v7-m/nofp\libgcc.a
LOAD C:/ST/STM32CubeIDE_2.0.0/STM32CubeIDE/plugins/com.st.stm32cube.ide.mcu.externaltools.gnu-tools-for-stm32.13.3.rel1.win32_1.0.100.202509120712/tools/bin/../lib/gcc/arm-none-eabi/13.3.1/../../../../arm-none-eabi/lib/thumb/v7-m/nofp\libc_nano.a
END GROUP
START GROUP
LOAD C:/ST/STM32CubeIDE_2.0.0/STM32CubeIDE/plugins/com.st.stm32cube.ide.mcu.externaltools.gnu-tools-for-stm32.13.3.rel1.win32_1.0.100.202509120712/tools/bin/../lib/gcc/arm-none-eabi/13.3.1/thumb/v7-m/nofp\libgcc.a
LOAD C:/ST/STM32CubeIDE_2.0.0/STM32CubeIDE/plugins/com.st.stm32cube.ide.mcu.externaltools.gnu-tools-for-stm32.13.3.rel1.win32_1.0.100.202509120712/tools/bin/../lib/gcc/arm-none-eabi/13.3.1/../../../../arm-none-eabi/lib/thumb/v7-m/nofp\libc_nano.a
LOAD C:/ST/STM32CubeIDE_2.0.0/STM32CubeIDE/plugins/com.st.stm32cube.ide.mcu.externaltools.gnu-tools-for-stm32.13.3.rel1.win32_1.0.100.202509120712/tools/bin/../lib/gcc/arm-none-eabi/13.3.1/../../../../arm-none-eabi/lib/thumb/v7-m/nofp\libnosys.a
END GROUP
START GROUP
LOAD C:/ST/STM32CubeIDE_2.0.0/STM32CubeIDE/plugins/com.st.stm32cube.ide.mcu.externaltools.gnu-tools-for-stm32.13.3.rel1.win32_1.0.100.202509120712/tools/bin/../lib/gcc/arm-none-eabi/13.3.1/thumb/v7-m/nofp\libgcc.a
LOAD C:/ST/STM32CubeIDE_2.0.0/STM32CubeIDE/plugins/com.st.stm32cube.ide.mcu.externaltools.gnu-tools-for-stm32.13.3.rel1.win32_1.0.100.202509120712/tools/bin/../lib/gcc/arm-none-eabi/13.3.1/../../../../arm-none-eabi/lib/thumb/v7-m/nofp\libc_nano.a
LOAD C:/ST/STM32CubeIDE_2.0.0/STM32CubeIDE/plugins/com.st.stm32cube.ide.mcu.externaltools.gnu-tools-for-stm32.13.3.rel1.win32_1.0.100.202509120712/tools/bin/../lib/gcc/arm-none-eabi/13.3.1/../../../../arm-none-eabi/lib/thumb/v7-m/nofp\libnosys.a
END GROUP
LOAD C:/ST/STM32CubeIDE_2.0.0/STM32CubeIDE/plugins/com.st.stm32cube.ide.mcu.externaltools.gnu-tools-for-stm32.13.3.rel1.win32_1.0.100.202509120712/tools/bin/../lib/gcc/arm-none-eabi/13.3.1/thumb/v7-m/nofp/crtend.o
LOAD C:/ST/STM32CubeIDE_2.0.0/STM32CubeIDE/plugins/com.st.stm32cube.ide.mcu.externaltools.gnu-tools-for-stm32.13.3.rel1.win32_1.0.100.202509120712/tools/bin/../lib/gcc/arm-none-eabi/13.3.1/thumb/v7-m/nofp/crtn.o
                0x20005000                        _estack = (ORIGIN (RAM) + LENGTH (RAM))
                0x00000200                        _Min_Heap_Size = 0x200
                0x00000400                        _Min_Stack_Size = 0x400

.isr_vector     0x08000000      0x10c
                0x08000000                        . = ALIGN (0x4)
 *(.isr_vector)
 .isr_vector    0x08000000      0x10c ./Core/Startup/startup_stm32f103c8tx.o
                0x08000000                g_pfnVectors
                0x0800010c                        . = ALIGN (0x4)

.text           0x0800010c     0x4750
                0x0800010c                        . = ALIGN (0x4)
 *(.text)
 .text          0x0800010c       0x40 C:/ST/STM32CubeIDE_2.0.0/STM32CubeIDE/plugins/com.st.stm32cube.ide.mcu.externaltools.gnu-tools-for-stm32.13.3.rel1.win32_1.0.100.202509120712/tools/bin/../lib/gcc/arm-none-eabi/13.3.1/thumb/v7-m/nofp/crtbegin.o
 .text          0x0800014c       0x10 C:/ST/STM32CubeIDE_2.0.0/STM32CubeIDE/plugins/com.st.stm32cube.ide.mcu.externaltools.gnu-tools-for-stm32.13.3.rel1.win32_1.0.100.202509120712/tools/bin/../lib/gcc/arm-none-eabi/13.3.1/../../../../arm-none-eabi/lib/thumb/v7-m/nofp\libc_nano.a(libc_a-strlen.o)
                0x0800014c                strlen
 *(.text*)
 .text.UART_Print
                0x0800015c       0x28 ./Core/Src/app_relay.o
                0x0800015c                UART_Print
 .text.W5500_Reset
                0x08000184       0x38 ./Core/Src/app_relay.o
 .text.send_msg
                0x080001bc       0x24 ./Core/Src/app_relay.o
 .text.send_hello
                0x080001e0       0x2c ./Core/Src/app_relay.o
 .text.send_status
                0x0800020c       0x44 ./Core/Src/app_relay.o
 .text.parse_cmd
                0x08000250       0xf0 ./Core/Src/app_relay.o
 .text.socket_connect
                0x08000340       0x54 ./Core/Src/app_relay.o
 .text.socket_loop
                0x08000394       0x64 ./Core/Src/app_relay.o
 .text.App_Relay_Init
                0x080003f8      0x108 ./Core/Src/app_relay.o
                0x080003f8                App_Relay_Init
 .text.App_Relay_Process
                0x08000500       0x38 ./Core/Src/app_relay.o
                0x08000500                App_Relay_Process
 .text.main     0x08000538       0x58 ./Core/Src/main.o
                0x08000538                main
 .text.SystemClock_Config
                0x08000590       0x8a ./Core/Src/main.o
                0x08000590                SystemClock_Config
 *fill*         0x0800061a        0x2 
 .text.MX_SPI1_Init
                0x0800061c       0x6c ./Core/Src/main.o
 .text.MX_USART1_UART_Init
                0x08000688       0x54 ./Core/Src/main.o
 .text.MX_GPIO_Init
                0x080006dc       0xd4 ./Core/Src/main.o
 .text.Error_Handler
                0x080007b0        0xc ./Core/Src/main.o
                0x080007b0                Error_Handler
 .text.HAL_MspInit
                0x080007bc       0x64 ./Core/Src/stm32f1xx_hal_msp.o
                0x080007bc                HAL_MspInit
 .text.HAL_SPI_MspInit
                0x08000820       0x94 ./Core/Src/stm32f1xx_hal_msp.o
                0x08000820                HAL_SPI_MspInit
 .text.HAL_UART_MspInit
                0x080008b4       0x98 ./Core/Src/stm32f1xx_hal_msp.o
                0x080008b4                HAL_UART_MspInit
 .text.NMI_Handler
                0x0800094c        0x8 ./Core/Src/stm32f1xx_it.o
                0x0800094c                NMI_Handler
 .text.HardFault_Handler
                0x08000954        0x8 ./Core/Src/stm32f1xx_it.o
                0x08000954                HardFault_Handler
 .text.MemManage_Handler
                0x0800095c        0x8 ./Core/Src/stm32f1xx_it.o
                0x0800095c                MemManage_Handler
 .text.BusFault_Handler
                0x08000964        0x8 ./Core/Src/stm32f1xx_it.o
                0x08000964                BusFault_Handler
 .text.UsageFault_Handler
                0x0800096c        0x8 ./Core/Src/stm32f1xx_it.o
                0x0800096c                UsageFault_Handler
 .text.SVC_Handler
                0x08000974        0xc ./Core/Src/stm32f1xx_it.o
                0x08000974                SVC_Handler
 .text.DebugMon_Handler
                0x08000980        0xc ./Core/Src/stm32f1xx_it.o
                0x08000980                DebugMon_Handler
 .text.PendSV_Handler
                0x0800098c        0xc ./Core/Src/stm32f1xx_it.o
                0x0800098c                PendSV_Handler
 .text.SysTick_Handler
                0x08000998        0xc ./Core/Src/stm32f1xx_it.o
                0x08000998                SysTick_Handler
 .text._sbrk    0x080009a4       0x6c ./Core/Src/sysmem.o
                0x080009a4                _sbrk
 .text.SystemInit
                0x08000a10        0xc ./Core/Src/system_stm32f1xx.o
                0x08000a10                SystemInit
 .text.socket   0x08000a1c      0x268 ./Core/Src/wiznet/socket.o
                0x08000a1c                socket
 .text.close    0x08000c84       0xdc ./Core/Src/wiznet/socket.o
                0x08000c84                close
 .text.connect_W5x00
                0x08000d60       0x26 ./Core/Src/wiznet/socket.o
                0x08000d60                connect_W5x00
 *fill*         0x08000d86        0x2 
 .text.connect_IO_6
                0x08000d88      0x1e4 ./Core/Src/wiznet/socket.o
 .text.send     0x08000f6c      0x2a8 ./Core/Src/wiznet/socket.o
                0x08000f6c                send
 .text.recv     0x08001214      0x164 ./Core/Src/wiznet/socket.o
                0x08001214                recv
 .text.WIZCHIP_READ
                0x08001378       0x98 ./Core/Src/wiznet/w5500.o
                0x08001378                WIZCHIP_READ
 .text.WIZCHIP_WRITE
                0x08001410       0x9c ./Core/Src/wiznet/w5500.o
                0x08001410                WIZCHIP_WRITE
 .text.WIZCHIP_READ_BUF
                0x080014ac       0xc0 ./Core/Src/wiznet/w5500.o
                0x080014ac                WIZCHIP_READ_BUF
 .text.WIZCHIP_WRITE_BUF
                0x0800156c       0xc0 ./Core/Src/wiznet/w5500.o
                0x0800156c                WIZCHIP_WRITE_BUF
 .text.getSn_TX_FSR
                0x0800162c       0x92 ./Core/Src/wiznet/w5500.o
                0x0800162c                getSn_TX_FSR
 .text.getSn_RX_RSR
                0x080016be       0x92 ./Core/Src/wiznet/w5500.o
                0x080016be                getSn_RX_RSR
 .text.wiz_send_data
                0x08001750       0xb4 ./Core/Src/wiznet/w5500.o
                0x08001750                wiz_send_data
 .text.wiz_recv_data
                0x08001804       0xb4 ./Core/Src/wiznet/w5500.o
                0x08001804                wiz_recv_data
 .text.W5500_Select
                0x080018b8       0x18 ./Core/Src/wiznet/w5500_port.o
                0x080018b8                W5500_Select
 .text.W5500_Unselect
                0x080018d0       0x18 ./Core/Src/wiznet/w5500_port.o
                0x080018d0                W5500_Unselect
 .text.W5500_ReadByte
                0x080018e8       0x30 ./Core/Src/wiznet/w5500_port.o
                0x080018e8                W5500_ReadByte
 .text.W5500_WriteByte
                0x08001918       0x24 ./Core/Src/wiznet/w5500_port.o
                0x08001918                W5500_WriteByte
 .text.W5500_ReadBurst
                0x0800193c       0x2c ./Core/Src/wiznet/w5500_port.o
                0x0800193c                W5500_ReadBurst
 .text.W5500_WriteBurst
                0x08001968       0x28 ./Core/Src/wiznet/w5500_port.o
                0x08001968                W5500_WriteBurst
 .text.wizchip_cris_enter
                0x08001990        0xc ./Core/Src/wiznet/wizchip_conf.o
                0x08001990                wizchip_cris_enter
 .text.wizchip_cris_exit
                0x0800199c        0xc ./Core/Src/wiznet/wizchip_conf.o
                0x0800199c                wizchip_cris_exit
 .text.wizchip_cs_select
                0x080019a8        0xc ./Core/Src/wiznet/wizchip_conf.o
                0x080019a8                wizchip_cs_select
 .text.wizchip_cs_deselect
                0x080019b4        0xc ./Core/Src/wiznet/wizchip_conf.o
                0x080019b4                wizchip_cs_deselect
 .text.wizchip_bus_readdata
                0x080019c0       0x18 ./Core/Src/wiznet/wizchip_conf.o
                0x080019c0                wizchip_bus_readdata
 .text.wizchip_bus_writedata
                0x080019d8       0x1c ./Core/Src/wiznet/wizchip_conf.o
                0x080019d8                wizchip_bus_writedata
 .text.wizchip_spi_readbyte
                0x080019f4        0xe ./Core/Src/wiznet/wizchip_conf.o
                0x080019f4                wizchip_spi_readbyte
 .text.wizchip_spi_writebyte
                0x08001a02       0x14 ./Core/Src/wiznet/wizchip_conf.o
                0x08001a02                wizchip_spi_writebyte
 *fill*         0x08001a16        0x2 
 .text.wizchip_spi_readburst
                0x08001a18       0x40 ./Core/Src/wiznet/wizchip_conf.o
                0x08001a18                wizchip_spi_readburst
 .text.wizchip_spi_writeburst
                0x08001a58       0x40 ./Core/Src/wiznet/wizchip_conf.o
                0x08001a58                wizchip_spi_writeburst
 .text.reg_wizchip_cs_cbfunc
                0x08001a98       0x48 ./Core/Src/wiznet/wizchip_conf.o
                0x08001a98                reg_wizchip_cs_cbfunc
 .text.reg_wizchip_spi_cbfunc
                0x08001ae0       0x58 ./Core/Src/wiznet/wizchip_conf.o
                0x08001ae0                reg_wizchip_spi_cbfunc
 .text.reg_wizchip_spiburst_cbfunc
                0x08001b38       0x58 ./Core/Src/wiznet/wizchip_conf.o
                0x08001b38                reg_wizchip_spiburst_cbfunc
 .text.ctlwizchip
                0x08001b90      0x1e0 ./Core/Src/wiznet/wizchip_conf.o
                0x08001b90                ctlwizchip
 .text.wizchip_sw_reset
                0x08001d70       0x98 ./Core/Src/wiznet/wizchip_conf.o
                0x08001d70                wizchip_sw_reset
 .text.wizchip_init
                0x08001e08      0x118 ./Core/Src/wiznet/wizchip_conf.o
                0x08001e08                wizchip_init
 .text.wizchip_clrinterrupt
                0x08001f20       0x68 ./Core/Src/wiznet/wizchip_conf.o
                0x08001f20                wizchip_clrinterrupt
 .text.wizchip_getinterrupt
                0x08001f88       0x48 ./Core/Src/wiznet/wizchip_conf.o
                0x08001f88                wizchip_getinterrupt
 .text.wizchip_setinterruptmask
                0x08001fd0       0x36 ./Core/Src/wiznet/wizchip_conf.o
                0x08001fd0                wizchip_setinterruptmask
 .text.wizchip_getinterruptmask
                0x08002006       0x44 ./Core/Src/wiznet/wizchip_conf.o
                0x08002006                wizchip_getinterruptmask
 .text.wizphy_getphylink
                0x0800204a       0x2c ./Core/Src/wiznet/wizchip_conf.o
                0x0800204a                wizphy_getphylink
 .text.wizphy_getphypmode
                0x08002076       0x32 ./Core/Src/wiznet/wizchip_conf.o
                0x08002076                wizphy_getphypmode
 .text.wizphy_reset
                0x080020a8       0x4e ./Core/Src/wiznet/wizchip_conf.o
                0x080020a8                wizphy_reset
 .text.wizphy_setphyconf
                0x080020f6       0x84 ./Core/Src/wiznet/wizchip_conf.o
                0x080020f6                wizphy_setphyconf
 *fill*         0x0800217a        0x2 
 .text.wizphy_getphyconf
                0x0800217c       0xd4 ./Core/Src/wiznet/wizchip_conf.o
                0x0800217c                wizphy_getphyconf
 .text.wizphy_getphystat
                0x08002250       0x3c ./Core/Src/wiznet/wizchip_conf.o
                0x08002250                wizphy_getphystat
 .text.wizphy_setphypmode
                0x0800228c       0x94 ./Core/Src/wiznet/wizchip_conf.o
                0x0800228c                wizphy_setphypmode
 .text.wizchip_setnetinfo
                0x08002320       0x80 ./Core/Src/wiznet/wizchip_conf.o
                0x08002320                wizchip_setnetinfo
 .text.Reset_Handler
                0x080023a0       0x48 ./Core/Startup/startup_stm32f103c8tx.o
                0x080023a0                Reset_Handler
 .text.Default_Handler
                0x080023e8        0x2 ./Core/Startup/startup_stm32f103c8tx.o
                0x080023e8                RTC_Alarm_IRQHandler
                0x080023e8                EXTI2_IRQHandler
                0x080023e8                TIM1_CC_IRQHandler
                0x080023e8                PVD_IRQHandler
                0x080023e8                EXTI3_IRQHandler
                0x080023e8                EXTI0_IRQHandler
                0x080023e8                I2C2_EV_IRQHandler
                0x080023e8                ADC1_2_IRQHandler
                0x080023e8                SPI1_IRQHandler
                0x080023e8                TAMPER_IRQHandler
                0x080023e8                DMA1_Channel4_IRQHandler
                0x080023e8                USART3_IRQHandler
                0x080023e8                RTC_IRQHandler
                0x080023e8                DMA1_Channel7_IRQHandler
                0x080023e8                CAN1_RX1_IRQHandler
                0x080023e8                TIM4_IRQHandler
                0x080023e8                I2C1_EV_IRQHandler
                0x080023e8                DMA1_Channel6_IRQHandler
                0x080023e8                TIM3_IRQHandler
                0x080023e8                RCC_IRQHandler
                0x080023e8                TIM1_TRG_COM_IRQHandler
                0x080023e8                DMA1_Channel1_IRQHandler
                0x080023e8                Default_Handler
                0x080023e8                EXTI15_10_IRQHandler
                0x080023e8                EXTI9_5_IRQHandler
                0x080023e8                SPI2_IRQHandler
                0x080023e8                DMA1_Channel5_IRQHandler
                0x080023e8                EXTI4_IRQHandler
                0x080023e8                USB_LP_CAN1_RX0_IRQHandler
                0x080023e8                USB_HP_CAN1_TX_IRQHandler
                0x080023e8                DMA1_Channel3_IRQHandler
                0x080023e8                TIM1_UP_IRQHandler
                0x080023e8                WWDG_IRQHandler
                0x080023e8                TIM2_IRQHandler
                0x080023e8                TIM1_BRK_IRQHandler
                0x080023e8                EXTI1_IRQHandler
                0x080023e8                USART2_IRQHandler
                0x080023e8                I2C2_ER_IRQHandler
                0x080023e8                DMA1_Channel2_IRQHandler
                0x080023e8                CAN1_SCE_IRQHandler
                0x080023e8                FLASH_IRQHandler
                0x080023e8                USART1_IRQHandler
                0x080023e8                I2C1_ER_IRQHandler
                0x080023e8                USBWakeUp_IRQHandler
 *fill*         0x080023ea        0x2 
 .text.HAL_Init
                0x080023ec       0x2c ./Drivers/STM32F1xx_HAL_Driver/Src/stm32f1xx_hal.o
                0x080023ec                HAL_Init
 .text.HAL_InitTick
                0x08002418       0x60 ./Drivers/STM32F1xx_HAL_Driver/Src/stm32f1xx_hal.o
                0x08002418                HAL_InitTick
 .text.HAL_IncTick
                0x08002478       0x24 ./Drivers/STM32F1xx_HAL_Driver/Src/stm32f1xx_hal.o
                0x08002478                HAL_IncTick
 .text.HAL_GetTick
                0x0800249c       0x14 ./Drivers/STM32F1xx_HAL_Driver/Src/stm32f1xx_hal.o
                0x0800249c                HAL_GetTick
 .text.HAL_Delay
                0x080024b0       0x48 ./Drivers/STM32F1xx_HAL_Driver/Src/stm32f1xx_hal.o
                0x080024b0                HAL_Delay
 .text.__NVIC_SetPriorityGrouping
                0x080024f8       0x48 ./Drivers/STM32F1xx_HAL_Driver/Src/stm32f1xx_hal_cortex.o
 .text.__NVIC_GetPriorityGrouping
                0x08002540       0x1c ./Drivers/STM32F1xx_HAL_Driver/Src/stm32f1xx_hal_cortex.o
 .text.__NVIC_SetPriority
                0x0800255c       0x54 ./Drivers/STM32F1xx_HAL_Driver/Src/stm32f1xx_hal_cortex.o
 .text.NVIC_EncodePriority
                0x080025b0       0x64 ./Drivers/STM32F1xx_HAL_Driver/Src/stm32f1xx_hal_cortex.o
 .text.SysTick_Config
                0x08002614       0x44 ./Drivers/STM32F1xx_HAL_Driver/Src/stm32f1xx_hal_cortex.o
 .text.HAL_NVIC_SetPriorityGrouping
                0x08002658       0x16 ./Drivers/STM32F1xx_HAL_Driver/Src/stm32f1xx_hal_cortex.o
                0x08002658                HAL_NVIC_SetPriorityGrouping
 .text.HAL_NVIC_SetPriority
                0x0800266e       0x38 ./Drivers/STM32F1xx_HAL_Driver/Src/stm32f1xx_hal_cortex.o
                0x0800266e                HAL_NVIC_SetPriority
 .text.HAL_SYSTICK_Config
                0x080026a6       0x18 ./Drivers/STM32F1xx_HAL_Driver/Src/stm32f1xx_hal_cortex.o
                0x080026a6                HAL_SYSTICK_Config
 *fill*         0x080026be        0x2 
 .text.HAL_GPIO_Init
                0x080026c0      0x308 ./Drivers/STM32F1xx_HAL_Driver/Src/stm32f1xx_hal_gpio.o
                0x080026c0                HAL_GPIO_Init
 .text.HAL_GPIO_WritePin
                0x080029c8       0x30 ./Drivers/STM32F1xx_HAL_Driver/Src/stm32f1xx_hal_gpio.o
                0x080029c8                HAL_GPIO_WritePin
 .text.HAL_RCC_OscConfig
                0x080029f8      0x504 ./Drivers/STM32F1xx_HAL_Driver/Src/stm32f1xx_hal_rcc.o
                0x080029f8                HAL_RCC_OscConfig
 .text.HAL_RCC_ClockConfig
                0x08002efc      0x1d4 ./Drivers/STM32F1xx_HAL_Driver/Src/stm32f1xx_hal_rcc.o
                0x08002efc                HAL_RCC_ClockConfig
 .text.HAL_RCC_GetSysClockFreq
                0x080030d0       0xa8 ./Drivers/STM32F1xx_HAL_Driver/Src/stm32f1xx_hal_rcc.o
                0x080030d0                HAL_RCC_GetSysClockFreq
 .text.HAL_RCC_GetHCLKFreq
                0x08003178       0x14 ./Drivers/STM32F1xx_HAL_Driver/Src/stm32f1xx_hal_rcc.o
                0x08003178                HAL_RCC_GetHCLKFreq
 .text.HAL_RCC_GetPCLK1Freq
                0x0800318c       0x28 ./Drivers/STM32F1xx_HAL_Driver/Src/stm32f1xx_hal_rcc.o
                0x0800318c                HAL_RCC_GetPCLK1Freq
 .text.HAL_RCC_GetPCLK2Freq
                0x080031b4       0x28 ./Drivers/STM32F1xx_HAL_Driver/Src/stm32f1xx_hal_rcc.o
                0x080031b4                HAL_RCC_GetPCLK2Freq
 .text.RCC_Delay
                0x080031dc       0x3c ./Drivers/STM32F1xx_HAL_Driver/Src/stm32f1xx_hal_rcc.o
 .text.HAL_SPI_Init
                0x08003218      0x108 ./Drivers/STM32F1xx_HAL_Driver/Src/stm32f1xx_hal_spi.o
                0x08003218                HAL_SPI_Init
 .text.HAL_SPI_Transmit
                0x08003320      0x288 ./Drivers/STM32F1xx_HAL_Driver/Src/stm32f1xx_hal_spi.o
                0x08003320                HAL_SPI_Transmit
 .text.HAL_SPI_TransmitReceive
                0x080035a8      0x352 ./Drivers/STM32F1xx_HAL_Driver/Src/stm32f1xx_hal_spi.o
                0x080035a8                HAL_SPI_TransmitReceive
 *fill*         0x080038fa        0x2 
 .text.SPI_WaitFlagStateUntilTimeout
                0x080038fc      0x110 ./Drivers/STM32F1xx_HAL_Driver/Src/stm32f1xx_hal_spi.o
 .text.SPI_EndRxTxTransaction
                0x08003a0c       0x62 ./Drivers/STM32F1xx_HAL_Driver/Src/stm32f1xx_hal_spi.o
 .text.HAL_UART_Init
                0x08003a6e       0xa0 ./Drivers/STM32F1xx_HAL_Driver/Src/stm32f1xx_hal_uart.o
                0x08003a6e                HAL_UART_Init
 .text.HAL_UART_Transmit
                0x08003b0e      0x116 ./Drivers/STM32F1xx_HAL_Driver/Src/stm32f1xx_hal_uart.o
                0x08003b0e                HAL_UART_Transmit
 .text.UART_WaitOnFlagUntilTimeout
                0x08003c24       0xb2 ./Drivers/STM32F1xx_HAL_Driver/Src/stm32f1xx_hal_uart.o
 .text.UART_EndRxTransfer
                0x08003cd6       0xc4 ./Drivers/STM32F1xx_HAL_Driver/Src/stm32f1xx_hal_uart.o
 *fill*         0x08003d9a        0x2 
 .text.UART_SetConfig
                0x08003d9c      0x11c ./Drivers/STM32F1xx_HAL_Driver/Src/stm32f1xx_hal_uart.o
 .text.sprintf  0x08003eb8       0x44 C:/ST/STM32CubeIDE_2.0.0/STM32CubeIDE/plugins/com.st.stm32cube.ide.mcu.externaltools.gnu-tools-for-stm32.13.3.rel1.win32_1.0.100.202509120712/tools/bin/../lib/gcc/arm-none-eabi/13.3.1/../../../../arm-none-eabi/lib/thumb/v7-m/nofp\libc_nano.a(libc_a-sprintf.o)
                0x08003eb8                siprintf
                0x08003eb8                sprintf
 .text.memset   0x08003efc       0x10 C:/ST/STM32CubeIDE_2.0.0/STM32CubeIDE/plugins/com.st.stm32cube.ide.mcu.externaltools.gnu-tools-for-stm32.13.3.rel1.win32_1.0.100.202509120712/tools/bin/../lib/gcc/arm-none-eabi/13.3.1/../../../../arm-none-eabi/lib/thumb/v7-m/nofp\libc_nano.a(libc_a-memset.o)
                0x08003efc                memset
 .text.strstr   0x08003f0c       0x2c C:/ST/STM32CubeIDE_2.0.0/STM32CubeIDE/plugins/com.st.stm32cube.ide.mcu.externaltools.gnu-tools-for-stm32.13.3.rel1.win32_1.0.100.202509120712/tools/bin/../lib/gcc/arm-none-eabi/13.3.1/../../../../arm-none-eabi/lib/thumb/v7-m/nofp\libc_nano.a(libc_a-strstr.o)
                0x08003f0c                strstr
 .text.__errno  0x08003f38        0xc C:/ST/STM32CubeIDE_2.0.0/STM32CubeIDE/plugins/com.st.stm32cube.ide.mcu.externaltools.gnu-tools-for-stm32.13.3.rel1.win32_1.0.100.202509120712/tools/bin/../lib/gcc/arm-none-eabi/13.3.1/../../../../arm-none-eabi/lib/thumb/v7-m/nofp\libc_nano.a(libc_a-errno.o)
                0x08003f38                __errno
 .text.__libc_init_array
                0x08003f44       0x48 C:/ST/STM32CubeIDE_2.0.0/STM32CubeIDE/plugins/com.st.stm32cube.ide.mcu.externaltools.gnu-tools-for-stm32.13.3.rel1.win32_1.0.100.202509120712/tools/bin/../lib/gcc/arm-none-eabi/13.3.1/../../../../arm-none-eabi/lib/thumb/v7-m/nofp\libc_nano.a(libc_a-init.o)
                0x08003f44                __libc_init_array
 .text.__retarget_lock_acquire_recursive
                0x08003f8c        0x2 C:/ST/STM32CubeIDE_2.0.0/STM32CubeIDE/plugins/com.st.stm32cube.ide.mcu.externaltools.gnu-tools-for-stm32.13.3.rel1.win32_1.0.100.202509120712/tools/bin/../lib/gcc/arm-none-eabi/13.3.1/../../../../arm-none-eabi/lib/thumb/v7-m/nofp\libc_nano.a(libc_a-lock.o)
                0x08003f8c                __retarget_lock_acquire_recursive
 .text.__retarget_lock_release_recursive
                0x08003f8e        0x2 C:/ST/STM32CubeIDE_2.0.0/STM32CubeIDE/plugins/com.st.stm32cube.ide.mcu.externaltools.gnu-tools-for-stm32.13.3.rel1.win32_1.0.100.202509120712/tools/bin/../lib/gcc/arm-none-eabi/13.3.1/../../../../arm-none-eabi/lib/thumb/v7-m/nofp\libc_nano.a(libc_a-lock.o)
                0x08003f8e                __retarget_lock_release_recursive
 .text._free_r  0x08003f90       0x90 C:/ST/STM32CubeIDE_2.0.0/STM32CubeIDE/plugins/com.st.stm32cube.ide.mcu.externaltools.gnu-tools-for-stm32.13.3.rel1.win32_1.0.100.202509120712/tools/bin/../lib/gcc/arm-none-eabi/13.3.1/../../../../arm-none-eabi/lib/thumb/v7-m/nofp\libc_nano.a(libc_a-freer.o)
                0x08003f90                _free_r
 .text.sbrk_aligned
                0x08004020       0x44 C:/ST/STM32CubeIDE_2.0.0/STM32CubeIDE/plugins/com.st.stm32cube.ide.mcu.externaltools.gnu-tools-for-stm32.13.3.rel1.win32_1.0.100.202509120712/tools/bin/../lib/gcc/arm-none-eabi/13.3.1/../../../../arm-none-eabi/lib/thumb/v7-m/nofp\libc_nano.a(libc_a-mallocr.o)
 .text._malloc_r
                0x08004064      0x100 C:/ST/STM32CubeIDE_2.0.0/STM32CubeIDE/plugins/com.st.stm32cube.ide.mcu.externaltools.gnu-tools-for-stm32.13.3.rel1.win32_1.0.100.202509120712/tools/bin/../lib/gcc/arm-none-eabi/13.3.1/../../../../arm-none-eabi/lib/thumb/v7-m/nofp\libc_nano.a(libc_a-mallocr.o)
                0x08004064                _malloc_r
 .text.__malloc_lock
                0x08004164        0xc C:/ST/STM32CubeIDE_2.0.0/STM32CubeIDE/plugins/com.st.stm32cube.ide.mcu.externaltools.gnu-tools-for-stm32.13.3.rel1.win32_1.0.100.202509120712/tools/bin/../lib/gcc/arm-none-eabi/13.3.1/../../../../arm-none-eabi/lib/thumb/v7-m/nofp\libc_nano.a(libc_a-mlock.o)
                0x08004164                __malloc_lock
 .text.__malloc_unlock
                0x08004170        0xc C:/ST/STM32CubeIDE_2.0.0/STM32CubeIDE/plugins/com.st.stm32cube.ide.mcu.externaltools.gnu-tools-for-stm32.13.3.rel1.win32_1.0.100.202509120712/tools/bin/../lib/gcc/arm-none-eabi/13.3.1/../../../../arm-none-eabi/lib/thumb/v7-m/nofp\libc_nano.a(libc_a-mlock.o)
                0x08004170                __malloc_unlock
 .text.__ssputs_r
                0x0800417c       0xb6 C:/ST/STM32CubeIDE_2.0.0/STM32CubeIDE/plugins/com.st.stm32cube.ide.mcu.externaltools.gnu-tools-for-stm32.13.3.rel1.win32_1.0.100.202509120712/tools/bin/../lib/gcc/arm-none-eabi/13.3.1/../../../../arm-none-eabi/lib/thumb/v7-m/nofp\libc_nano.a(libc_a-nano-svfprintf.o)
                0x0800417c                __ssputs_r
 *fill*         0x08004232        0x2 
 .text._svfprintf_r
                0x08004234      0x1f8 C:/ST/STM32CubeIDE_2.0.0/STM32CubeIDE/plugins/com.st.stm32cube.ide.mcu.externaltools.gnu-tools-for-stm32.13.3.rel1.win32_1.0.100.202509120712/tools/bin/../lib/gcc/arm-none-eabi/13.3.1/../../../../arm-none-eabi/lib/thumb/v7-m/nofp\libc_nano.a(libc_a-nano-svfprintf.o)
                0x08004234                _svfiprintf_r
                0x08004234                _svfprintf_r
 .text._printf_common
                0x0800442c       0xe4 C:/ST/STM32CubeIDE_2.0.0/STM32CubeIDE/plugins/com.st.stm32cube.ide.mcu.externaltools.gnu-tools-for-stm32.13.3.rel1.win32_1.0.100.202509120712/tools/bin/../lib/gcc/arm-none-eabi/13.3.1/../../../../arm-none-eabi/lib/thumb/v7-m/nofp\libc_nano.a(libc_a-nano-vfprintf_i.o)
                0x0800442c                _printf_common
 .text._printf_i
                0x08004510      0x23c C:/ST/STM32CubeIDE_2.0.0/STM32CubeIDE/plugins/com.st.stm32cube.ide.mcu.externaltools.gnu-tools-for-stm32.13.3.rel1.win32_1.0.100.202509120712/tools/bin/../lib/gcc/arm-none-eabi/13.3.1/../../../../arm-none-eabi/lib/thumb/v7-m/nofp\libc_nano.a(libc_a-nano-vfprintf_i.o)
                0x08004510                _printf_i
 .text.memmove  0x0800474c       0x34 C:/ST/STM32CubeIDE_2.0.0/STM32CubeIDE/plugins/com.st.stm32cube.ide.mcu.externaltools.gnu-tools-for-stm32.13.3.rel1.win32_1.0.100.202509120712/tools/bin/../lib/gcc/arm-none-eabi/13.3.1/../../../../arm-none-eabi/lib/thumb/v7-m/nofp\libc_nano.a(libc_a-memmove.o)
                0x0800474c                memmove
 .text._sbrk_r  0x08004780       0x20 C:/ST/STM32CubeIDE_2.0.0/STM32CubeIDE/plugins/com.st.stm32cube.ide.mcu.externaltools.gnu-tools-for-stm32.13.3.rel1.win32_1.0.100.202509120712/tools/bin/../lib/gcc/arm-none-eabi/13.3.1/../../../../arm-none-eabi/lib/thumb/v7-m/nofp\libc_nano.a(libc_a-sbrkr.o)
                0x08004780                _sbrk_r
 .text.memchr   0x080047a0       0x1c C:/ST/STM32CubeIDE_2.0.0/STM32CubeIDE/plugins/com.st.stm32cube.ide.mcu.externaltools.gnu-tools-for-stm32.13.3.rel1.win32_1.0.100.202509120712/tools/bin/../lib/gcc/arm-none-eabi/13.3.1/../../../../arm-none-eabi/lib/thumb/v7-m/nofp\libc_nano.a(libc_a-memchr-stub.o)
                0x080047a0                memchr
 .text.memcpy   0x080047bc       0x1c C:/ST/STM32CubeIDE_2.0.0/STM32CubeIDE/plugins/com.st.stm32cube.ide.mcu.externaltools.gnu-tools-for-stm32.13.3.rel1.win32_1.0.100.202509120712/tools/bin/../lib/gcc/arm-none-eabi/13.3.1/../../../../arm-none-eabi/lib/thumb/v7-m/nofp\libc_nano.a(libc_a-memcpy-stub.o)
                0x080047bc                memcpy
 .text._realloc_r
                0x080047d8       0x5c C:/ST/STM32CubeIDE_2.0.0/STM32CubeIDE/plugins/com.st.stm32cube.ide.mcu.externaltools.gnu-tools-for-stm32.13.3.rel1.win32_1.0.100.202509120712/tools/bin/../lib/gcc/arm-none-eabi/13.3.1/../../../../arm-none-eabi/lib/thumb/v7-m/nofp\libc_nano.a(libc_a-reallocr.o)
                0x080047d8                _realloc_r
 .text._malloc_usable_size_r
                0x08004834       0x10 C:/ST/STM32CubeIDE_2.0.0/STM32CubeIDE/plugins/com.st.stm32cube.ide.mcu.externaltools.gnu-tools-for-stm32.13.3.rel1.win32_1.0.100.202509120712/tools/bin/../lib/gcc/arm-none-eabi/13.3.1/../../../../arm-none-eabi/lib/thumb/v7-m/nofp\libc_nano.a(libc_a-msizer.o)
                0x08004834                _malloc_usable_size_r
 *(.glue_7)
 .glue_7        0x08004844        0x0 linker stubs
 *(.glue_7t)
 .glue_7t       0x08004844        0x0 linker stubs
 *(.eh_frame)
 .eh_frame      0x08004844        0x0 C:/ST/STM32CubeIDE_2.0.0/STM32CubeIDE/plugins/com.st.stm32cube.ide.mcu.externaltools.gnu-tools-for-stm32.13.3.rel1.win32_1.0.100.202509120712/tools/bin/../lib/gcc/arm-none-eabi/13.3.1/thumb/v7-m/nofp/crtbegin.o
 *(.init)
 .init          0x08004844        0x4 C:/ST/STM32CubeIDE_2.0.0/STM32CubeIDE/plugins/com.st.stm32cube.ide.mcu.externaltools.gnu-tools-for-stm32.13.3.rel1.win32_1.0.100.202509120712/tools/bin/../lib/gcc/arm-none-eabi/13.3.1/thumb/v7-m/nofp/crti.o
                0x08004844                _init
 .init          0x08004848        0x8 C:/ST/STM32CubeIDE_2.0.0/STM32CubeIDE/plugins/com.st.stm32cube.ide.mcu.externaltools.gnu-tools-for-stm32.13.3.rel1.win32_1.0.100.202509120712/tools/bin/../lib/gcc/arm-none-eabi/13.3.1/thumb/v7-m/nofp/crtn.o
 *(.fini)
 .fini          0x08004850        0x4 C:/ST/STM32CubeIDE_2.0.0/STM32CubeIDE/plugins/com.st.stm32cube.ide.mcu.externaltools.gnu-tools-for-stm32.13.3.rel1.win32_1.0.100.202509120712/tools/bin/../lib/gcc/arm-none-eabi/13.3.1/thumb/v7-m/nofp/crti.o
                0x08004850                _fini
 .fini          0x08004854        0x8 C:/ST/STM32CubeIDE_2.0.0/STM32CubeIDE/plugins/com.st.stm32cube.ide.mcu.externaltools.gnu-tools-for-stm32.13.3.rel1.win32_1.0.100.202509120712/tools/bin/../lib/gcc/arm-none-eabi/13.3.1/thumb/v7-m/nofp/crtn.o
                0x0800485c                        . = ALIGN (0x4)
                0x0800485c                        _etext = .

.vfp11_veneer   0x0800485c        0x0
 .vfp11_veneer  0x0800485c        0x0 linker stubs

.v4_bx          0x0800485c        0x0
 .v4_bx         0x0800485c        0x0 linker stubs

.iplt           0x0800485c        0x0
 .iplt          0x0800485c        0x0 C:/ST/STM32CubeIDE_2.0.0/STM32CubeIDE/plugins/com.st.stm32cube.ide.mcu.externaltools.gnu-tools-for-stm32.13.3.rel1.win32_1.0.100.202509120712/tools/bin/../lib/gcc/arm-none-eabi/13.3.1/thumb/v7-m/nofp/crtbegin.o

.rodata         0x0800485c      0x280
                0x0800485c                        . = ALIGN (0x4)
 *(.rodata)
 .rodata        0x0800485c      0x1ff ./Core/Src/app_relay.o
 *fill*         0x08004a5b        0x1 
 .rodata        0x08004a5c        0x8 ./Core/Src/main.o
 *(.rodata*)
 .rodata.netinfo
                0x08004a64       0x17 ./Core/Src/app_relay.o
 *fill*         0x08004a7b        0x1 
 .rodata.AHBPrescTable
                0x08004a7c       0x10 ./Core/Src/system_stm32f1xx.o
                0x08004a7c                AHBPrescTable
 .rodata.APBPrescTable
                0x08004a8c        0x8 ./Core/Src/system_stm32f1xx.o
                0x08004a8c                APBPrescTable
 .rodata.aPLLMULFactorTable.1
                0x08004a94       0x10 ./Drivers/STM32F1xx_HAL_Driver/Src/stm32f1xx_hal_rcc.o
 .rodata.aPredivFactorTable.0
                0x08004aa4        0x2 ./Drivers/STM32F1xx_HAL_Driver/Src/stm32f1xx_hal_rcc.o
 .rodata._svfprintf_r.str1.1
                0x08004aa6       0x33 C:/ST/STM32CubeIDE_2.0.0/STM32CubeIDE/plugins/com.st.stm32cube.ide.mcu.externaltools.gnu-tools-for-stm32.13.3.rel1.win32_1.0.100.202509120712/tools/bin/../lib/gcc/arm-none-eabi/13.3.1/../../../../arm-none-eabi/lib/thumb/v7-m/nofp\libc_nano.a(libc_a-nano-svfprintf.o)
                                 0x11 (size before relaxing)
 .rodata._printf_i.str1.1
                0x08004ad9        0x0 C:/ST/STM32CubeIDE_2.0.0/STM32CubeIDE/plugins/com.st.stm32cube.ide.mcu.externaltools.gnu-tools-for-stm32.13.3.rel1.win32_1.0.100.202509120712/tools/bin/../lib/gcc/arm-none-eabi/13.3.1/../../../../arm-none-eabi/lib/thumb/v7-m/nofp\libc_nano.a(libc_a-nano-vfprintf_i.o)
                                 0x22 (size before relaxing)
                0x08004adc                        . = ALIGN (0x4)
 *fill*         0x08004ad9        0x3 

.ARM.extab      0x08004adc        0x0
                0x08004adc                        . = ALIGN (0x4)
 *(.ARM.extab* .gnu.linkonce.armextab.*)
                0x08004adc                        . = ALIGN (0x4)

.ARM            0x08004adc        0x8
                0x08004adc                        . = ALIGN (0x4)
                0x08004adc                        __exidx_start = .
 *(.ARM.exidx*)
 .ARM.exidx     0x08004adc        0x8 C:/ST/STM32CubeIDE_2.0.0/STM32CubeIDE/plugins/com.st.stm32cube.ide.mcu.externaltools.gnu-tools-for-stm32.13.3.rel1.win32_1.0.100.202509120712/tools/bin/../lib/gcc/arm-none-eabi/13.3.1/../../../../arm-none-eabi/lib/thumb/v7-m/nofp\libc_nano.a(libc_a-strlen.o)
                0x08004ae4                        __exidx_end = .
                0x08004ae4                        . = ALIGN (0x4)

.preinit_array  0x08004ae4        0x0
                0x08004ae4                        . = ALIGN (0x4)
                0x08004ae4                        PROVIDE (__preinit_array_start = .)
 *(.preinit_array*)
                0x08004ae4                        PROVIDE (__preinit_array_end = .)
                0x08004ae4                        . = ALIGN (0x4)

.init_array     0x08004ae4        0x4
                0x08004ae4                        . = ALIGN (0x4)
                0x08004ae4                        PROVIDE (__init_array_start = .)
 *(SORT_BY_NAME(.init_array.*))
 *(.init_array*)
 .init_array    0x08004ae4        0x4 C:/ST/STM32CubeIDE_2.0.0/STM32CubeIDE/plugins/com.st.stm32cube.ide.mcu.externaltools.gnu-tools-for-stm32.13.3.rel1.win32_1.0.100.202509120712/tools/bin/../lib/gcc/arm-none-eabi/13.3.1/thumb/v7-m/nofp/crtbegin.o
                0x08004ae8                        PROVIDE (__init_array_end = .)
                0x08004ae8                        . = ALIGN (0x4)

.fini_array     0x08004ae8        0x4
                0x08004ae8                        . = ALIGN (0x4)
                [!provide]                        PROVIDE (__fini_array_start = .)
 *(SORT_BY_NAME(.fini_array.*))
 *(.fini_array*)
 .fini_array    0x08004ae8        0x4 C:/ST/STM32CubeIDE_2.0.0/STM32CubeIDE/plugins/com.st.stm32cube.ide.mcu.externaltools.gnu-tools-for-stm32.13.3.rel1.win32_1.0.100.202509120712/tools/bin/../lib/gcc/arm-none-eabi/13.3.1/thumb/v7-m/nofp/crtbegin.o
                [!provide]                        PROVIDE (__fini_array_end = .)
                0x08004aec                        . = ALIGN (0x4)
                0x08004aec                        _sidata = LOADADDR (.data)

.rel.dyn        0x08004aec        0x0
 .rel.iplt      0x08004aec        0x0 C:/ST/STM32CubeIDE_2.0.0/STM32CubeIDE/plugins/com.st.stm32cube.ide.mcu.externaltools.gnu-tools-for-stm32.13.3.rel1.win32_1.0.100.202509120712/tools/bin/../lib/gcc/arm-none-eabi/13.3.1/thumb/v7-m/nofp/crtbegin.o

.data           0x20000000       0x90 load address 0x08004aec
                0x20000000                        . = ALIGN (0x4)
                0x20000000                        _sdata = .
 *(.data)
 *(.data*)
 .data.server_ip
                0x20000000        0x4 ./Core/Src/app_relay.o
 .data.SystemCoreClock
                0x20000004        0x4 ./Core/Src/system_stm32f1xx.o
                0x20000004                SystemCoreClock
 .data.sock_any_port
                0x20000008        0x2 ./Core/Src/wiznet/socket.o
 *fill*         0x2000000a        0x2 
 .data.WIZCHIP  0x2000000c       0x2c ./Core/Src/wiznet/wizchip_conf.o
                0x2000000c                WIZCHIP
 .data.uwTickPrio
                0x20000038        0x4 ./Drivers/STM32F1xx_HAL_Driver/Src/stm32f1xx_hal.o
                0x20000038                uwTickPrio
 .data.uwTickFreq
                0x2000003c        0x1 ./Drivers/STM32F1xx_HAL_Driver/Src/stm32f1xx_hal.o
                0x2000003c                uwTickFreq
 *fill*         0x2000003d        0x3 
 .data._impure_ptr
                0x20000040        0x4 C:/ST/STM32CubeIDE_2.0.0/STM32CubeIDE/plugins/com.st.stm32cube.ide.mcu.externaltools.gnu-tools-for-stm32.13.3.rel1.win32_1.0.100.202509120712/tools/bin/../lib/gcc/arm-none-eabi/13.3.1/../../../../arm-none-eabi/lib/thumb/v7-m/nofp\libc_nano.a(libc_a-impure.o)
                0x20000040                _impure_ptr
 .data._impure_data
                0x20000044       0x4c C:/ST/STM32CubeIDE_2.0.0/STM32CubeIDE/plugins/com.st.stm32cube.ide.mcu.externaltools.gnu-tools-for-stm32.13.3.rel1.win32_1.0.100.202509120712/tools/bin/../lib/gcc/arm-none-eabi/13.3.1/../../../../arm-none-eabi/lib/thumb/v7-m/nofp\libc_nano.a(libc_a-impure.o)
                0x20000044                _impure_data
 *(.RamFunc)
 *(.RamFunc*)
                0x20000090                        . = ALIGN (0x4)
                0x20000090                        _edata = .

.igot.plt       0x20000090        0x0 load address 0x08004b7c
 .igot.plt      0x20000090        0x0 C:/ST/STM32CubeIDE_2.0.0/STM32CubeIDE/plugins/com.st.stm32cube.ide.mcu.externaltools.gnu-tools-for-stm32.13.3.rel1.win32_1.0.100.202509120712/tools/bin/../lib/gcc/arm-none-eabi/13.3.1/thumb/v7-m/nofp/crtbegin.o
                0x20000090                        . = ALIGN (0x4)

.bss            0x20000090      0x238 load address 0x08004b7c
                0x20000090                        _sbss = .
                0x20000090                        __bss_start__ = _sbss
 *(.bss)
 .bss           0x20000090       0x1c C:/ST/STM32CubeIDE_2.0.0/STM32CubeIDE/plugins/com.st.stm32cube.ide.mcu.externaltools.gnu-tools-for-stm32.13.3.rel1.win32_1.0.100.202509120712/tools/bin/../lib/gcc/arm-none-eabi/13.3.1/thumb/v7-m/nofp/crtbegin.o
 *(.bss*)
 .bss.relay_state
                0x200000ac        0x1 ./Core/Src/app_relay.o
 *fill*         0x200000ad        0x3 
 .bss.last_heartbeat
                0x200000b0        0x4 ./Core/Src/app_relay.o
 .bss.hspi1     0x200000b4       0x58 ./Core/Src/main.o
                0x200000b4                hspi1
 .bss.huart1    0x2000010c       0x48 ./Core/Src/main.o
                0x2000010c                huart1
 .bss.__sbrk_heap_end
                0x20000154        0x4 ./Core/Src/sysmem.o
 .bss.sock_io_mode
                0x20000158        0x2 ./Core/Src/wiznet/socket.o
 .bss.sock_is_sending
                0x2000015a        0x2 ./Core/Src/wiznet/socket.o
 .bss.sock_remained_size
                0x2000015c       0x10 ./Core/Src/wiznet/socket.o
 .bss.sock_pack_info
                0x2000016c        0x8 ./Core/Src/wiznet/socket.o
                0x2000016c                sock_pack_info
 .bss._DNS_     0x20000174        0x4 ./Core/Src/wiznet/wizchip_conf.o
 .bss._DHCP_    0x20000178        0x1 ./Core/Src/wiznet/wizchip_conf.o
 *fill*         0x20000179        0x3 
 .bss.uwTick    0x2000017c        0x4 ./Drivers/STM32F1xx_HAL_Driver/Src/stm32f1xx_hal.o
                0x2000017c                uwTick
 .bss.__sf      0x20000180      0x138 C:/ST/STM32CubeIDE_2.0.0/STM32CubeIDE/plugins/com.st.stm32cube.ide.mcu.externaltools.gnu-tools-for-stm32.13.3.rel1.win32_1.0.100.202509120712/tools/bin/../lib/gcc/arm-none-eabi/13.3.1/../../../../arm-none-eabi/lib/thumb/v7-m/nofp\libc_nano.a(libc_a-findfp.o)
                0x20000180                __sf
 .bss.errno     0x200002b8        0x4 C:/ST/STM32CubeIDE_2.0.0/STM32CubeIDE/plugins/com.st.stm32cube.ide.mcu.externaltools.gnu-tools-for-stm32.13.3.rel1.win32_1.0.100.202509120712/tools/bin/../lib/gcc/arm-none-eabi/13.3.1/../../../../arm-none-eabi/lib/thumb/v7-m/nofp\libc_nano.a(libc_a-reent.o)
                0x200002b8                errno
 .bss.__lock___malloc_recursive_mutex
                0x200002bc        0x1 C:/ST/STM32CubeIDE_2.0.0/STM32CubeIDE/plugins/com.st.stm32cube.ide.mcu.externaltools.gnu-tools-for-stm32.13.3.rel1.win32_1.0.100.202509120712/tools/bin/../lib/gcc/arm-none-eabi/13.3.1/../../../../arm-none-eabi/lib/thumb/v7-m/nofp\libc_nano.a(libc_a-lock.o)
                0x200002bc                __lock___malloc_recursive_mutex
 *fill*         0x200002bd        0x3 
 .bss.__malloc_sbrk_start
                0x200002c0        0x4 C:/ST/STM32CubeIDE_2.0.0/STM32CubeIDE/plugins/com.st.stm32cube.ide.mcu.externaltools.gnu-tools-for-stm32.13.3.rel1.win32_1.0.100.202509120712/tools/bin/../lib/gcc/arm-none-eabi/13.3.1/../../../../arm-none-eabi/lib/thumb/v7-m/nofp\libc_nano.a(libc_a-mallocr.o)
                0x200002c0                __malloc_sbrk_start
 .bss.__malloc_free_list
                0x200002c4        0x4 C:/ST/STM32CubeIDE_2.0.0/STM32CubeIDE/plugins/com.st.stm32cube.ide.mcu.externaltools.gnu-tools-for-stm32.13.3.rel1.win32_1.0.100.202509120712/tools/bin/../lib/gcc/arm-none-eabi/13.3.1/../../../../arm-none-eabi/lib/thumb/v7-m/nofp\libc_nano.a(libc_a-mallocr.o)
                0x200002c4                __malloc_free_list
 *(COMMON)
                0x200002c8                        . = ALIGN (0x4)
                0x200002c8                        _ebss = .
                0x200002c8                        __bss_end__ = _ebss

._user_heap_stack
                0x200002c8      0x600 load address 0x08004b7c
                0x200002c8                        . = ALIGN (0x8)
                [!provide]                        PROVIDE (end = .)
                0x200002c8                        PROVIDE (_end = .)
                0x200004c8                        . = (. + _Min_Heap_Size)
 *fill*         0x200002c8      0x200 
                0x200008c8                        . = (. + _Min_Stack_Size)
 *fill*         0x200004c8      0x400 
                0x200008c8                        . = ALIGN (0x8)

/DISCARD/
 libc.a(*)
 libm.a(*)
 libgcc.a(*)

.ARM.attributes
                0x00000000       0x29
 *(.ARM.attributes)
 .ARM.attributes
                0x00000000       0x1d C:/ST/STM32CubeIDE_2.0.0/STM32CubeIDE/plugins/com.st.stm32cube.ide.mcu.externaltools.gnu-tools-for-stm32.13.3.rel1.win32_1.0.100.202509120712/tools/bin/../lib/gcc/arm-none-eabi/13.3.1/thumb/v7-m/nofp/crti.o
 .ARM.attributes
                0x0000001d       0x2d C:/ST/STM32CubeIDE_2.0.0/STM32CubeIDE/plugins/com.st.stm32cube.ide.mcu.externaltools.gnu-tools-for-stm32.13.3.rel1.win32_1.0.100.202509120712/tools/bin/../lib/gcc/arm-none-eabi/13.3.1/thumb/v7-m/nofp/crtbegin.o
 .ARM.attributes
                0x0000004a       0x2d ./Core/Src/app_relay.o
 .ARM.attributes
                0x00000077       0x2d ./Core/Src/main.o
 .ARM.attributes
                0x000000a4       0x2d ./Core/Src/stm32f1xx_hal_msp.o
 .ARM.attributes
                0x000000d1       0x2d ./Core/Src/stm32f1xx_it.o
 .ARM.attributes
                0x000000fe       0x2d ./Core/Src/sysmem.o
 .ARM.attributes
                0x0000012b       0x2d ./Core/Src/system_stm32f1xx.o
 .ARM.attributes
                0x00000158       0x2d ./Core/Src/wiznet/socket.o
 .ARM.attributes
                0x00000185       0x2d ./Core/Src/wiznet/w5500.o
 .ARM.attributes
                0x000001b2       0x2d ./Core/Src/wiznet/w5500_port.o
 .ARM.attributes
                0x000001df       0x2d ./Core/Src/wiznet/wizchip_conf.o
 .ARM.attributes
                0x0000020c       0x21 ./Core/Startup/startup_stm32f103c8tx.o
 .ARM.attributes
                0x0000022d       0x2d ./Drivers/STM32F1xx_HAL_Driver/Src/stm32f1xx_hal.o
 .ARM.attributes
                0x0000025a       0x2d ./Drivers/STM32F1xx_HAL_Driver/Src/stm32f1xx_hal_cortex.o
 .ARM.attributes
                0x00000287       0x2d ./Drivers/STM32F1xx_HAL_Driver/Src/stm32f1xx_hal_gpio.o
 .ARM.attributes
                0x000002b4       0x2d ./Drivers/STM32F1xx_HAL_Driver/Src/stm32f1xx_hal_rcc.o
 .ARM.attributes
                0x000002e1       0x2d ./Drivers/STM32F1xx_HAL_Driver/Src/stm32f1xx_hal_spi.o
 .ARM.attributes
                0x0000030e       0x2d ./Drivers/STM32F1xx_HAL_Driver/Src/stm32f1xx_hal_uart.o
 .ARM.attributes
                0x0000033b       0x2d C:/ST/STM32CubeIDE_2.0.0/STM32CubeIDE/plugins/com.st.stm32cube.ide.mcu.externaltools.gnu-tools-for-stm32.13.3.rel1.win32_1.0.100.202509120712/tools/bin/../lib/gcc/arm-none-eabi/13.3.1/../../../../arm-none-eabi/lib/thumb/v7-m/nofp\libc_nano.a(libc_a-findfp.o)
 .ARM.attributes
                0x00000368       0x2d C:/ST/STM32CubeIDE_2.0.0/STM32CubeIDE/plugins/com.st.stm32cube.ide.mcu.externaltools.gnu-tools-for-stm32.13.3.rel1.win32_1.0.100.202509120712/tools/bin/../lib/gcc/arm-none-eabi/13.3.1/../../../../arm-none-eabi/lib/thumb/v7-m/nofp\libc_nano.a(libc_a-sprintf.o)
 .ARM.attributes
                0x00000395       0x2d C:/ST/STM32CubeIDE_2.0.0/STM32CubeIDE/plugins/com.st.stm32cube.ide.mcu.externaltools.gnu-tools-for-stm32.13.3.rel1.win32_1.0.100.202509120712/tools/bin/../lib/gcc/arm-none-eabi/13.3.1/../../../../arm-none-eabi/lib/thumb/v7-m/nofp\libc_nano.a(libc_a-memset.o)
 .ARM.attributes
                0x000003c2       0x2d C:/ST/STM32CubeIDE_2.0.0/STM32CubeIDE/plugins/com.st.stm32cube.ide.mcu.externaltools.gnu-tools-for-stm32.13.3.rel1.win32_1.0.100.202509120712/tools/bin/../lib/gcc/arm-none-eabi/13.3.1/../../../../arm-none-eabi/lib/thumb/v7-m/nofp\libc_nano.a(libc_a-strstr.o)
 .ARM.attributes
                0x000003ef       0x2d C:/ST/STM32CubeIDE_2.0.0/STM32CubeIDE/plugins/com.st.stm32cube.ide.mcu.externaltools.gnu-tools-for-stm32.13.3.rel1.win32_1.0.100.202509120712/tools/bin/../lib/gcc/arm-none-eabi/13.3.1/../../../../arm-none-eabi/lib/thumb/v7-m/nofp\libc_nano.a(libc_a-reent.o)
 .ARM.attributes
                0x0000041c       0x2d C:/ST/STM32CubeIDE_2.0.0/STM32CubeIDE/plugins/com.st.stm32cube.ide.mcu.externaltools.gnu-tools-for-stm32.13.3.rel1.win32_1.0.100.202509120712/tools/bin/../lib/gcc/arm-none-eabi/13.3.1/../../../../arm-none-eabi/lib/thumb/v7-m/nofp\libc_nano.a(libc_a-impure.o)
 .ARM.attributes
                0x00000449       0x2d C:/ST/STM32CubeIDE_2.0.0/STM32CubeIDE/plugins/com.st.stm32cube.ide.mcu.externaltools.gnu-tools-for-stm32.13.3.rel1.win32_1.0.100.202509120712/tools/bin/../lib/gcc/arm-none-eabi/13.3.1/../../../../arm-none-eabi/lib/thumb/v7-m/nofp\libc_nano.a(libc_a-errno.o)
 .ARM.attributes
                0x00000476       0x2d C:/ST/STM32CubeIDE_2.0.0/STM32CubeIDE/plugins/com.st.stm32cube.ide.mcu.externaltools.gnu-tools-for-stm32.13.3.rel1.win32_1.0.100.202509120712/tools/bin/../lib/gcc/arm-none-eabi/13.3.1/../../../../arm-none-eabi/lib/thumb/v7-m/nofp\libc_nano.a(libc_a-init.o)
 .ARM.attributes
                0x000004a3       0x2d C:/ST/STM32CubeIDE_2.0.0/STM32CubeIDE/plugins/com.st.stm32cube.ide.mcu.externaltools.gnu-tools-for-stm32.13.3.rel1.win32_1.0.100.202509120712/tools/bin/../lib/gcc/arm-none-eabi/13.3.1/../../../../arm-none-eabi/lib/thumb/v7-m/nofp\libc_nano.a(libc_a-lock.o)
 .ARM.attributes
                0x000004d0       0x17 C:/ST/STM32CubeIDE_2.0.0/STM32CubeIDE/plugins/com.st.stm32cube.ide.mcu.externaltools.gnu-tools-for-stm32.13.3.rel1.win32_1.0.100.202509120712/tools/bin/../lib/gcc/arm-none-eabi/13.3.1/../../../../arm-none-eabi/lib/thumb/v7-m/nofp\libc_nano.a(libc_a-strlen.o)
 .ARM.attributes
                0x000004e7       0x2d C:/ST/STM32CubeIDE_2.0.0/STM32CubeIDE/plugins/com.st.stm32cube.ide.mcu.externaltools.gnu-tools-for-stm32.13.3.rel1.win32_1.0.100.202509120712/tools/bin/../lib/gcc/arm-none-eabi/13.3.1/../../../../arm-none-eabi/lib/thumb/v7-m/nofp\libc_nano.a(libc_a-freer.o)
 .ARM.attributes
                0x00000514       0x2d C:/ST/STM32CubeIDE_2.0.0/STM32CubeIDE/plugins/com.st.stm32cube.ide.mcu.externaltools.gnu-tools-for-stm32.13.3.rel1.win32_1.0.100.202509120712/tools/bin/../lib/gcc/arm-none-eabi/13.3.1/../../../../arm-none-eabi/lib/thumb/v7-m/nofp\libc_nano.a(libc_a-mallocr.o)
 .ARM.attributes
                0x00000541       0x2d C:/ST/STM32CubeIDE_2.0.0/STM32CubeIDE/plugins/com.st.stm32cube.ide.mcu.externaltools.gnu-tools-for-stm32.13.3.rel1.win32_1.0.100.202509120712/tools/bin/../lib/gcc/arm-none-eabi/13.3.1/../../../../arm-none-eabi/lib/thumb/v7-m/nofp\libc_nano.a(libc_a-mlock.o)
 .ARM.attributes
                0x0000056e       0x2d C:/ST/STM32CubeIDE_2.0.0/STM32CubeIDE/plugins/com.st.stm32cube.ide.mcu.externaltools.gnu-tools-for-stm32.13.3.rel1.win32_1.0.100.202509120712/tools/bin/../lib/gcc/arm-none-eabi/13.3.1/../../../../arm-none-eabi/lib/thumb/v7-m/nofp\libc_nano.a(libc_a-nano-svfprintf.o)
 .ARM.attributes
                0x0000059b       0x2d C:/ST/STM32CubeIDE_2.0.0/STM32CubeIDE/plugins/com.st.stm32cube.ide.mcu.externaltools.gnu-tools-for-stm32.13.3.rel1.win32_1.0.100.202509120712/tools/bin/../lib/gcc/arm-none-eabi/13.3.1/../../../../arm-none-eabi/lib/thumb/v7-m/nofp\libc_nano.a(libc_a-nano-vfprintf_i.o)
 .ARM.attributes
                0x000005c8       0x2d C:/ST/STM32CubeIDE_2.0.0/STM32CubeIDE/plugins/com.st.stm32cube.ide.mcu.externaltools.gnu-tools-for-stm32.13.3.rel1.win32_1.0.100.202509120712/tools/bin/../lib/gcc/arm-none-eabi/13.3.1/../../../../arm-none-eabi/lib/thumb/v7-m/nofp\libc_nano.a(libc_a-memmove.o)
 .ARM.attributes
                0x000005f5       0x2d C:/ST/STM32CubeIDE_2.0.0/STM32CubeIDE/plugins/com.st.stm32cube.ide.mcu.externaltools.gnu-tools-for-stm32.13.3.rel1.win32_1.0.100.202509120712/tools/bin/../lib/gcc/arm-none-eabi/13.3.1/../../../../arm-none-eabi/lib/thumb/v7-m/nofp\libc_nano.a(libc_a-sbrkr.o)
 .ARM.attributes
                0x00000622       0x2d C:/ST/STM32CubeIDE_2.0.0/STM32CubeIDE/plugins/com.st.stm32cube.ide.mcu.externaltools.gnu-tools-for-stm32.13.3.rel1.win32_1.0.100.202509120712/tools/bin/../lib/gcc/arm-none-eabi/13.3.1/../../../../arm-none-eabi/lib/thumb/v7-m/nofp\libc_nano.a(libc_a-memchr-stub.o)
 .ARM.attributes
                0x0000064f       0x2d C:/ST/STM32CubeIDE_2.0.0/STM32CubeIDE/plugins/com.st.stm32cube.ide.mcu.externaltools.gnu-tools-for-stm32.13.3.rel1.win32_1.0.100.202509120712/tools/bin/../lib/gcc/arm-none-eabi/13.3.1/../../../../arm-none-eabi/lib/thumb/v7-m/nofp\libc_nano.a(libc_a-memcpy-stub.o)
 .ARM.attributes
                0x0000067c       0x2d C:/ST/STM32CubeIDE_2.0.0/STM32CubeIDE/plugins/com.st.stm32cube.ide.mcu.externaltools.gnu-tools-for-stm32.13.3.rel1.win32_1.0.100.202509120712/tools/bin/../lib/gcc/arm-none-eabi/13.3.1/../../../../arm-none-eabi/lib/thumb/v7-m/nofp\libc_nano.a(libc_a-reallocr.o)
 .ARM.attributes
                0x000006a9       0x2d C:/ST/STM32CubeIDE_2.0.0/STM32CubeIDE/plugins/com.st.stm32cube.ide.mcu.externaltools.gnu-tools-for-stm32.13.3.rel1.win32_1.0.100.202509120712/tools/bin/../lib/gcc/arm-none-eabi/13.3.1/../../../../arm-none-eabi/lib/thumb/v7-m/nofp\libc_nano.a(libc_a-msizer.o)
 .ARM.attributes
                0x000006d6       0x1d C:/ST/STM32CubeIDE_2.0.0/STM32CubeIDE/plugins/com.st.stm32cube.ide.mcu.externaltools.gnu-tools-for-stm32.13.3.rel1.win32_1.0.100.202509120712/tools/bin/../lib/gcc/arm-none-eabi/13.3.1/thumb/v7-m/nofp/crtn.o
OUTPUT(Server_based_Relay_controll.elf elf32-littlearm)
LOAD linker stubs
LOAD C:/ST/STM32CubeIDE_2.0.0/STM32CubeIDE/plugins/com.st.stm32cube.ide.mcu.externaltools.gnu-tools-for-stm32.13.3.rel1.win32_1.0.100.202509120712/tools/bin/../lib/gcc/arm-none-eabi/13.3.1/../../../../arm-none-eabi/lib/thumb/v7-m/nofp\libc.a
LOAD C:/ST/STM32CubeIDE_2.0.0/STM32CubeIDE/plugins/com.st.stm32cube.ide.mcu.externaltools.gnu-tools-for-stm32.13.3.rel1.win32_1.0.100.202509120712/tools/bin/../lib/gcc/arm-none-eabi/13.3.1/../../../../arm-none-eabi/lib/thumb/v7-m/nofp\libm.a
LOAD C:/ST/STM32CubeIDE_2.0.0/STM32CubeIDE/plugins/com.st.stm32cube.ide.mcu.externaltools.gnu-tools-for-stm32.13.3.rel1.win32_1.0.100.202509120712/tools/bin/../lib/gcc/arm-none-eabi/13.3.1/thumb/v7-m/nofp\libgcc.a

.debug_info     0x00000000     0xb1ae
 .debug_info    0x00000000      0xccf ./Core/Src/app_relay.o
 .debug_info    0x00000ccf      0xc6a ./Core/Src/main.o
 .debug_info    0x00001939      0xae0 ./Core/Src/stm32f1xx_hal_msp.o
 .debug_info    0x00002419      0x113 ./Core/Src/stm32f1xx_it.o
 .debug_info    0x0000252c      0x168 ./Core/Src/sysmem.o
 .debug_info    0x00002694      0x222 ./Core/Src/system_stm32f1xx.o
 .debug_info    0x000028b6      0xa1d ./Core/Src/wiznet/socket.o
 .debug_info    0x000032d3      0x5ed ./Core/Src/wiznet/w5500.o
 .debug_info    0x000038c0      0x75a ./Core/Src/wiznet/w5500_port.o
 .debug_info    0x0000401a      0xf3f ./Core/Src/wiznet/wizchip_conf.o
 .debug_info    0x00004f59       0x30 ./Core/Startup/startup_stm32f103c8tx.o
 .debug_info    0x00004f89      0x704 ./Drivers/STM32F1xx_HAL_Driver/Src/stm32f1xx_hal.o
 .debug_info    0x0000568d      0xa87 ./Drivers/STM32F1xx_HAL_Driver/Src/stm32f1xx_hal_cortex.o
 .debug_info    0x00006114      0x5ab ./Drivers/STM32F1xx_HAL_Driver/Src/stm32f1xx_hal_gpio.o
 .debug_info    0x000066bf      0x7d5 ./Drivers/STM32F1xx_HAL_Driver/Src/stm32f1xx_hal_rcc.o
 .debug_info    0x00006e94     0x142d ./Drivers/STM32F1xx_HAL_Driver/Src/stm32f1xx_hal_spi.o
 .debug_info    0x000082c1     0x2eed ./Drivers/STM32F1xx_HAL_Driver/Src/stm32f1xx_hal_uart.o

.debug_abbrev   0x00000000     0x20da
 .debug_abbrev  0x00000000      0x2c3 ./Core/Src/app_relay.o
 .debug_abbrev  0x000002c3      0x260 ./Core/Src/main.o
 .debug_abbrev  0x00000523      0x1ac ./Core/Src/stm32f1xx_hal_msp.o
 .debug_abbrev  0x000006cf       0x73 ./Core/Src/stm32f1xx_it.o
 .debug_abbrev  0x00000742       0xbc ./Core/Src/sysmem.o
 .debug_abbrev  0x000007fe      0x13f ./Core/Src/system_stm32f1xx.o
 .debug_abbrev  0x0000093d      0x1c5 ./Core/Src/wiznet/socket.o
 .debug_abbrev  0x00000b02      0x1cb ./Core/Src/wiznet/w5500.o
 .debug_abbrev  0x00000ccd      0x1e1 ./Core/Src/wiznet/w5500_port.o
 .debug_abbrev  0x00000eae      0x320 ./Core/Src/wiznet/wizchip_conf.o
 .debug_abbrev  0x000011ce       0x24 ./Core/Startup/startup_stm32f103c8tx.o
 .debug_abbrev  0x000011f2      0x201 ./Drivers/STM32F1xx_HAL_Driver/Src/stm32f1xx_hal.o
 .debug_abbrev  0x000013f3      0x2f8 ./Drivers/STM32F1xx_HAL_Driver/Src/stm32f1xx_hal_cortex.o
 .debug_abbrev  0x000016eb      0x1ca ./Drivers/STM32F1xx_HAL_Driver/Src/stm32f1xx_hal_gpio.o
 .debug_abbrev  0x000018b5      0x2b3 ./Drivers/STM32F1xx_HAL_Driver/Src/stm32f1xx_hal_rcc.o
 .debug_abbrev  0x00001b68      0x27a ./Drivers/STM32F1xx_HAL_Driver/Src/stm32f1xx_hal_spi.o
 .debug_abbrev  0x00001de2      0x2f8 ./Drivers/STM32F1xx_HAL_Driver/Src/stm32f1xx_hal_uart.o

.debug_aranges  0x00000000      0xb20
 .debug_aranges
                0x00000000       0x70 ./Core/Src/app_relay.o
 .debug_aranges
                0x00000070       0x48 ./Core/Src/main.o
 .debug_aranges
                0x000000b8       0x40 ./Core/Src/stm32f1xx_hal_msp.o
 .debug_aranges
                0x000000f8       0x60 ./Core/Src/stm32f1xx_it.o
 .debug_aranges
                0x00000158       0x20 ./Core/Src/sysmem.o
 .debug_aranges
                0x00000178       0x28 ./Core/Src/system_stm32f1xx.o
 .debug_aranges
                0x000001a0       0xa8 ./Core/Src/wiznet/socket.o
 .debug_aranges
                0x00000248       0x60 ./Core/Src/wiznet/w5500.o
 .debug_aranges
                0x000002a8       0x48 ./Core/Src/wiznet/w5500_port.o
 .debug_aranges
                0x000002f0      0x168 ./Core/Src/wiznet/wizchip_conf.o
 .debug_aranges
                0x00000458       0x28 ./Core/Startup/startup_stm32f103c8tx.o
 .debug_aranges
                0x00000480       0xe0 ./Drivers/STM32F1xx_HAL_Driver/Src/stm32f1xx_hal.o
 .debug_aranges
                0x00000560      0x100 ./Drivers/STM32F1xx_HAL_Driver/Src/stm32f1xx_hal_cortex.o
 .debug_aranges
                0x00000660       0x58 ./Drivers/STM32F1xx_HAL_Driver/Src/stm32f1xx_hal_gpio.o
 .debug_aranges
                0x000006b8       0x90 ./Drivers/STM32F1xx_HAL_Driver/Src/stm32f1xx_hal_rcc.o
 .debug_aranges
                0x00000748      0x1d0 ./Drivers/STM32F1xx_HAL_Driver/Src/stm32f1xx_hal_spi.o
 .debug_aranges
                0x00000918      0x208 ./Drivers/STM32F1xx_HAL_Driver/Src/stm32f1xx_hal_uart.o

.debug_rnglists
                0x00000000      0x88c
 .debug_rnglists
                0x00000000       0x51 ./Core/Src/app_relay.o
 .debug_rnglists
                0x00000051       0x33 ./Core/Src/main.o
 .debug_rnglists
                0x00000084       0x2d ./Core/Src/stm32f1xx_hal_msp.o
 .debug_rnglists
                0x000000b1       0x43 ./Core/Src/stm32f1xx_it.o
 .debug_rnglists
                0x000000f4       0x13 ./Core/Src/sysmem.o
 .debug_rnglists
                0x00000107       0x1a ./Core/Src/system_stm32f1xx.o
 .debug_rnglists
                0x00000121       0x91 ./Core/Src/wiznet/socket.o
 .debug_rnglists
                0x000001b2       0x4c ./Core/Src/wiznet/w5500.o
 .debug_rnglists
                0x000001fe       0x31 ./Core/Src/wiznet/w5500_port.o
 .debug_rnglists
                0x0000022f      0x111 ./Core/Src/wiznet/wizchip_conf.o
 .debug_rnglists
                0x00000340       0x19 ./Core/Startup/startup_stm32f103c8tx.o
 .debug_rnglists
                0x00000359       0xa3 ./Drivers/STM32F1xx_HAL_Driver/Src/stm32f1xx_hal.o
 .debug_rnglists
                0x000003fc       0xbb ./Drivers/STM32F1xx_HAL_Driver/Src/stm32f1xx_hal_cortex.o
 .debug_rnglists
                0x000004b7       0x3f ./Drivers/STM32F1xx_HAL_Driver/Src/stm32f1xx_hal_gpio.o
 .debug_rnglists
                0x000004f6       0x6c ./Drivers/STM32F1xx_HAL_Driver/Src/stm32f1xx_hal_rcc.o
 .debug_rnglists
                0x00000562      0x16e ./Drivers/STM32F1xx_HAL_Driver/Src/stm32f1xx_hal_spi.o
 .debug_rnglists
                0x000006d0      0x1bc ./Drivers/STM32F1xx_HAL_Driver/Src/stm32f1xx_hal_uart.o

.debug_macro    0x00000000    0x180a9
 .debug_macro   0x00000000      0x30e ./Core/Src/app_relay.o
 .debug_macro   0x0000030e      0xacc ./Core/Src/app_relay.o
 .debug_macro   0x00000dda      0x21b ./Core/Src/app_relay.o
 .debug_macro   0x00000ff5       0x2e ./Core/Src/app_relay.o
 .debug_macro   0x00001023       0x22 ./Core/Src/app_relay.o
 .debug_macro   0x00001045       0x22 ./Core/Src/app_relay.o
 .debug_macro   0x00001067       0x8e ./Core/Src/app_relay.o
 .debug_macro   0x000010f5       0x51 ./Core/Src/app_relay.o
 .debug_macro   0x00001146      0x103 ./Core/Src/app_relay.o
 .debug_macro   0x00001249       0x6a ./Core/Src/app_relay.o
 .debug_macro   0x000012b3      0x1df ./Core/Src/app_relay.o
 .debug_macro   0x00001492       0x1c ./Core/Src/app_relay.o
 .debug_macro   0x000014ae       0x22 ./Core/Src/app_relay.o
 .debug_macro   0x000014d0       0xbd ./Core/Src/app_relay.o
 .debug_macro   0x0000158d      0xd23 ./Core/Src/app_relay.o
 .debug_macro   0x000022b0     0xe09e ./Core/Src/app_relay.o
 .debug_macro   0x0001034e       0x6d ./Core/Src/app_relay.o
 .debug_macro   0x000103bb     0x34a2 ./Core/Src/app_relay.o
 .debug_macro   0x0001385d      0x190 ./Core/Src/app_relay.o
 .debug_macro   0x000139ed       0x5c ./Core/Src/app_relay.o
 .debug_macro   0x00013a49      0x5bc ./Core/Src/app_relay.o
 .debug_macro   0x00014005      0x289 ./Core/Src/app_relay.o
 .debug_macro   0x0001428e      0x1cb ./Core/Src/app_relay.o
 .debug_macro   0x00014459      0x114 ./Core/Src/app_relay.o
 .debug_macro   0x0001456d      0x1b2 ./Core/Src/app_relay.o
 .debug_macro   0x0001471f       0x27 ./Core/Src/app_relay.o
 .debug_macro   0x00014746      0x136 ./Core/Src/app_relay.o
 .debug_macro   0x0001487c      0x1bc ./Core/Src/app_relay.o
 .debug_macro   0x00014a38       0x34 ./Core/Src/app_relay.o
 .debug_macro   0x00014a6c       0x3c ./Core/Src/app_relay.o
 .debug_macro   0x00014aa8       0x57 ./Core/Src/app_relay.o
 .debug_macro   0x00014aff       0x87 ./Core/Src/app_relay.o
 .debug_macro   0x00014b86      0x240 ./Core/Src/app_relay.o
 .debug_macro   0x00014dc6      0x140 ./Core/Src/app_relay.o
 .debug_macro   0x00014f06      0x217 ./Core/Src/app_relay.o
 .debug_macro   0x0001511d      0x28e ./Core/Src/app_relay.o
 .debug_macro   0x000153ab       0x83 ./Core/Src/app_relay.o
 .debug_macro   0x0001542e       0x22 ./Core/Src/app_relay.o
 .debug_macro   0x00015450       0x28 ./Core/Src/app_relay.o
 .debug_macro   0x00015478       0x61 ./Core/Src/app_relay.o
 .debug_macro   0x000154d9       0x24 ./Core/Src/app_relay.o
 .debug_macro   0x000154fd       0x43 ./Core/Src/app_relay.o
 .debug_macro   0x00015540       0x34 ./Core/Src/app_relay.o
 .debug_macro   0x00015574      0x370 ./Core/Src/app_relay.o
 .debug_macro   0x000158e4       0x16 ./Core/Src/app_relay.o
 .debug_macro   0x000158fa       0x4a ./Core/Src/app_relay.o
 .debug_macro   0x00015944       0x34 ./Core/Src/app_relay.o
 .debug_macro   0x00015978       0x10 ./Core/Src/app_relay.o
 .debug_macro   0x00015988       0x58 ./Core/Src/app_relay.o
 .debug_macro   0x000159e0       0x8e ./Core/Src/app_relay.o
 .debug_macro   0x00015a6e       0x1c ./Core/Src/app_relay.o
 .debug_macro   0x00015a8a      0x185 ./Core/Src/app_relay.o
 .debug_macro   0x00015c0f       0x10 ./Core/Src/app_relay.o
 .debug_macro   0x00015c1f       0x3c ./Core/Src/app_relay.o
 .debug_macro   0x00015c5b       0x20 ./Core/Src/app_relay.o
 .debug_macro   0x00015c7b       0x1c ./Core/Src/app_relay.o
 .debug_macro   0x00015c97       0x10 ./Core/Src/app_relay.o
 .debug_macro   0x00015ca7       0x1c ./Core/Src/app_relay.o
 .debug_macro   0x00015cc3       0x16 ./Core/Src/app_relay.o
 .debug_macro   0x00015cd9      0x146 ./Core/Src/app_relay.o
 .debug_macro   0x00015e1f       0x10 ./Core/Src/app_relay.o
 .debug_macro   0x00015e2f       0x91 ./Core/Src/app_relay.o
 .debug_macro   0x00015ec0      0x5fc ./Core/Src/app_relay.o
 .debug_macro   0x000164bc       0x66 ./Core/Src/app_relay.o
 .debug_macro   0x00016522      0x187 ./Core/Src/app_relay.o
 .debug_macro   0x000166a9      0x1ba ./Core/Src/main.o
 .debug_macro   0x00016863      0x1b0 ./Core/Src/stm32f1xx_hal_msp.o
 .debug_macro   0x00016a13      0x1ba ./Core/Src/stm32f1xx_it.o
 .debug_macro   0x00016bcd      0x112 ./Core/Src/sysmem.o
 .debug_macro   0x00016cdf      0x23c ./Core/Src/sysmem.o
 .debug_macro   0x00016f1b      0x198 ./Core/Src/system_stm32f1xx.o
 .debug_macro   0x000170b3       0xf5 ./Core/Src/wiznet/socket.o
 .debug_macro   0x000171a8       0x8b ./Core/Src/wiznet/socket.o
 .debug_macro   0x00017233      0x1ee ./Core/Src/wiznet/w5500.o
 .debug_macro   0x00017421      0x1ba ./Core/Src/wiznet/w5500_port.o
 .debug_macro   0x000175db       0x94 ./Core/Src/wiznet/wizchip_conf.o
 .debug_macro   0x0001766f      0x1bc ./Drivers/STM32F1xx_HAL_Driver/Src/stm32f1xx_hal.o
 .debug_macro   0x0001782b      0x198 ./Drivers/STM32F1xx_HAL_Driver/Src/stm32f1xx_hal_cortex.o
 .debug_macro   0x000179c3      0x203 ./Drivers/STM32F1xx_HAL_Driver/Src/stm32f1xx_hal_gpio.o
 .debug_macro   0x00017bc6      0x1aa ./Drivers/STM32F1xx_HAL_Driver/Src/stm32f1xx_hal_rcc.o
 .debug_macro   0x00017d70      0x1a0 ./Drivers/STM32F1xx_HAL_Driver/Src/stm32f1xx_hal_spi.o
 .debug_macro   0x00017f10      0x199 ./Drivers/STM32F1xx_HAL_Driver/Src/stm32f1xx_hal_uart.o

.debug_line     0x00000000     0xcd52
 .debug_line    0x00000000      0xae1 ./Core/Src/app_relay.o
 .debug_line    0x00000ae1      0x83e ./Core/Src/main.o
 .debug_line    0x0000131f      0x79a ./Core/Src/stm32f1xx_hal_msp.o
 .debug_line    0x00001ab9      0x7a2 ./Core/Src/stm32f1xx_it.o
 .debug_line    0x0000225b      0x58d ./Core/Src/sysmem.o
 .debug_line    0x000027e8      0x765 ./Core/Src/system_stm32f1xx.o
 .debug_line    0x00002f4d      0xfc4 ./Core/Src/wiznet/socket.o
 .debug_line    0x00003f11      0xabd ./Core/Src/wiznet/w5500.o
 .debug_line    0x000049ce      0x78f ./Core/Src/wiznet/w5500_port.o
 .debug_line    0x0000515d      0xd66 ./Core/Src/wiznet/wizchip_conf.o
 .debug_line    0x00005ec3       0x78 ./Core/Startup/startup_stm32f103c8tx.o
 .debug_line    0x00005f3b      0x996 ./Drivers/STM32F1xx_HAL_Driver/Src/stm32f1xx_hal.o
 .debug_line    0x000068d1      0xb60 ./Drivers/STM32F1xx_HAL_Driver/Src/stm32f1xx_hal_cortex.o
 .debug_line    0x00007431      0x9f3 ./Drivers/STM32F1xx_HAL_Driver/Src/stm32f1xx_hal_gpio.o
 .debug_line    0x00007e24      0xe4f ./Drivers/STM32F1xx_HAL_Driver/Src/stm32f1xx_hal_rcc.o
 .debug_line    0x00008c73     0x1c2d ./Drivers/STM32F1xx_HAL_Driver/Src/stm32f1xx_hal_spi.o
 .debug_line    0x0000a8a0     0x24b2 ./Drivers/STM32F1xx_HAL_Driver/Src/stm32f1xx_hal_uart.o

.debug_str      0x00000000    0x88150
 .debug_str     0x00000000    0x88150 ./Core/Src/app_relay.o
                              0x8549d (size before relaxing)
 .debug_str     0x00088150        0x0 ./Core/Src/main.o
                              0x7e746 (size before relaxing)
 .debug_str     0x00088150        0x0 ./Core/Src/stm32f1xx_hal_msp.o
                              0x7e567 (size before relaxing)
 .debug_str     0x00088150        0x0 ./Core/Src/stm32f1xx_it.o
                              0x7df4c (size before relaxing)
 .debug_str     0x00088150        0x0 ./Core/Src/sysmem.o
                               0x7716 (size before relaxing)
 .debug_str     0x00088150        0x0 ./Core/Src/system_stm32f1xx.o
                              0x7de87 (size before relaxing)
 .debug_str     0x00088150        0x0 ./Core/Src/wiznet/socket.o
                               0x787d (size before relaxing)
 .debug_str     0x00088150        0x0 ./Core/Src/wiznet/w5500.o
                              0x80d37 (size before relaxing)
 .debug_str     0x00088150        0x0 ./Core/Src/wiznet/w5500_port.o
                              0x7e3b3 (size before relaxing)
 .debug_str     0x00088150        0x0 ./Core/Src/wiznet/wizchip_conf.o
                               0x75fa (size before relaxing)
 .debug_str     0x00088150        0x0 ./Core/Startup/startup_stm32f103c8tx.o
                                 0x70 (size before relaxing)
 .debug_str     0x00088150        0x0 ./Drivers/STM32F1xx_HAL_Driver/Src/stm32f1xx_hal.o
                              0x7e5ba (size before relaxing)
 .debug_str     0x00088150        0x0 ./Drivers/STM32F1xx_HAL_Driver/Src/stm32f1xx_hal_cortex.o
                              0x7e506 (size before relaxing)
 .debug_str     0x00088150        0x0 ./Drivers/STM32F1xx_HAL_Driver/Src/stm32f1xx_hal_gpio.o
                              0x7e20d (size before relaxing)
 .debug_str     0x00088150        0x0 ./Drivers/STM32F1xx_HAL_Driver/Src/stm32f1xx_hal_rcc.o
                              0x7e2b6 (size before relaxing)
 .debug_str     0x00088150        0x0 ./Drivers/STM32F1xx_HAL_Driver/Src/stm32f1xx_hal_spi.o
                              0x7e7ad (size before relaxing)
 .debug_str     0x00088150        0x0 ./Drivers/STM32F1xx_HAL_Driver/Src/stm32f1xx_hal_uart.o
                              0x7e927 (size before relaxing)

.comment        0x00000000       0x43
 .comment       0x00000000       0x43 ./Core/Src/app_relay.o
                                 0x44 (size before relaxing)
 .comment       0x00000043        0x0 ./Core/Src/main.o
                                 0x44 (size before relaxing)
 .comment       0x00000043        0x0 ./Core/Src/stm32f1xx_hal_msp.o
                                 0x44 (size before relaxing)
 .comment       0x00000043        0x0 ./Core/Src/stm32f1xx_it.o
                                 0x44 (size before relaxing)
 .comment       0x00000043        0x0 ./Core/Src/sysmem.o
                                 0x44 (size before relaxing)
 .comment       0x00000043        0x0 ./Core/Src/system_stm32f1xx.o
                                 0x44 (size before relaxing)
 .comment       0x00000043        0x0 ./Core/Src/wiznet/socket.o
                                 0x44 (size before relaxing)
 .comment       0x00000043        0x0 ./Core/Src/wiznet/w5500.o
                                 0x44 (size before relaxing)
 .comment       0x00000043        0x0 ./Core/Src/wiznet/w5500_port.o
                                 0x44 (size before relaxing)
 .comment       0x00000043        0x0 ./Core/Src/wiznet/wizchip_conf.o
                                 0x44 (size before relaxing)
 .comment       0x00000043        0x0 ./Drivers/STM32F1xx_HAL_Driver/Src/stm32f1xx_hal.o
                                 0x44 (size before relaxing)
 .comment       0x00000043        0x0 ./Drivers/STM32F1xx_HAL_Driver/Src/stm32f1xx_hal_cortex.o
                                 0x44 (size before relaxing)
 .comment       0x00000043        0x0 ./Drivers/STM32F1xx_HAL_Driver/Src/stm32f1xx_hal_gpio.o
                                 0x44 (size before relaxing)
 .comment       0x00000043        0x0 ./Drivers/STM32F1xx_HAL_Driver/Src/stm32f1xx_hal_rcc.o
                                 0x44 (size before relaxing)
 .comment       0x00000043        0x0 ./Drivers/STM32F1xx_HAL_Driver/Src/stm32f1xx_hal_spi.o
                                 0x44 (size before relaxing)
 .comment       0x00000043        0x0 ./Drivers/STM32F1xx_HAL_Driver/Src/stm32f1xx_hal_uart.o
                                 0x44 (size before relaxing)

.debug_frame    0x00000000     0x31b8
 .debug_frame   0x00000000      0x184 ./Core/Src/app_relay.o
 .debug_frame   0x00000184       0xc4 ./Core/Src/main.o
 .debug_frame   0x00000248       0xc8 ./Core/Src/stm32f1xx_hal_msp.o
 .debug_frame   0x00000310      0x104 ./Core/Src/stm32f1xx_it.o
 .debug_frame   0x00000414       0x34 ./Core/Src/sysmem.o
 .debug_frame   0x00000448       0x58 ./Core/Src/system_stm32f1xx.o
 .debug_frame   0x000004a0      0x2b0 ./Core/Src/wiznet/socket.o
 .debug_frame   0x00000750      0x16c ./Core/Src/wiznet/w5500.o
 .debug_frame   0x000008bc       0xd8 ./Core/Src/wiznet/w5500_port.o
 .debug_frame   0x00000994      0x61c ./Core/Src/wiznet/wizchip_conf.o
 .debug_frame   0x00000fb0      0x334 ./Drivers/STM32F1xx_HAL_Driver/Src/stm32f1xx_hal.o
 .debug_frame   0x000012e4      0x428 ./Drivers/STM32F1xx_HAL_Driver/Src/stm32f1xx_hal_cortex.o
 .debug_frame   0x0000170c      0x14c ./Drivers/STM32F1xx_HAL_Driver/Src/stm32f1xx_hal_gpio.o
 .debug_frame   0x00001858      0x218 ./Drivers/STM32F1xx_HAL_Driver/Src/stm32f1xx_hal_rcc.o
 .debug_frame   0x00001a70      0x824 ./Drivers/STM32F1xx_HAL_Driver/Src/stm32f1xx_hal_spi.o
 .debug_frame   0x00002294      0x944 ./Drivers/STM32F1xx_HAL_Driver/Src/stm32f1xx_hal_uart.o
 .debug_frame   0x00002bd8      0x144 C:/ST/STM32CubeIDE_2.0.0/STM32CubeIDE/plugins/com.st.stm32cube.ide.mcu.externaltools.gnu-tools-for-stm32.13.3.rel1.win32_1.0.100.202509120712/tools/bin/../lib/gcc/arm-none-eabi/13.3.1/../../../../arm-none-eabi/lib/thumb/v7-m/nofp\libc_nano.a(libc_a-findfp.o)
 .debug_frame   0x00002d1c       0x74 C:/ST/STM32CubeIDE_2.0.0/STM32CubeIDE/plugins/com.st.stm32cube.ide.mcu.externaltools.gnu-tools-for-stm32.13.3.rel1.win32_1.0.100.202509120712/tools/bin/../lib/gcc/arm-none-eabi/13.3.1/../../../../arm-none-eabi/lib/thumb/v7-m/nofp\libc_nano.a(libc_a-sprintf.o)
 .debug_frame   0x00002d90       0x20 C:/ST/STM32CubeIDE_2.0.0/STM32CubeIDE/plugins/com.st.stm32cube.ide.mcu.externaltools.gnu-tools-for-stm32.13.3.rel1.win32_1.0.100.202509120712/tools/bin/../lib/gcc/arm-none-eabi/13.3.1/../../../../arm-none-eabi/lib/thumb/v7-m/nofp\libc_nano.a(libc_a-memset.o)
 .debug_frame   0x00002db0       0x2c C:/ST/STM32CubeIDE_2.0.0/STM32CubeIDE/plugins/com.st.stm32cube.ide.mcu.externaltools.gnu-tools-for-stm32.13.3.rel1.win32_1.0.100.202509120712/tools/bin/../lib/gcc/arm-none-eabi/13.3.1/../../../../arm-none-eabi/lib/thumb/v7-m/nofp\libc_nano.a(libc_a-strstr.o)
 .debug_frame   0x00002ddc       0x38 C:/ST/STM32CubeIDE_2.0.0/STM32CubeIDE/plugins/com.st.stm32cube.ide.mcu.externaltools.gnu-tools-for-stm32.13.3.rel1.win32_1.0.100.202509120712/tools/bin/../lib/gcc/arm-none-eabi/13.3.1/../../../../arm-none-eabi/lib/thumb/v7-m/nofp\libc_nano.a(libc_a-reent.o)
 .debug_frame   0x00002e14       0x20 C:/ST/STM32CubeIDE_2.0.0/STM32CubeIDE/plugins/com.st.stm32cube.ide.mcu.externaltools.gnu-tools-for-stm32.13.3.rel1.win32_1.0.100.202509120712/tools/bin/../lib/gcc/arm-none-eabi/13.3.1/../../../../arm-none-eabi/lib/thumb/v7-m/nofp\libc_nano.a(libc_a-errno.o)
 .debug_frame   0x00002e34       0x2c C:/ST/STM32CubeIDE_2.0.0/STM32CubeIDE/plugins/com.st.stm32cube.ide.mcu.externaltools.gnu-tools-for-stm32.13.3.rel1.win32_1.0.100.202509120712/tools/bin/../lib/gcc/arm-none-eabi/13.3.1/../../../../arm-none-eabi/lib/thumb/v7-m/nofp\libc_nano.a(libc_a-init.o)
 .debug_frame   0x00002e60       0xb0 C:/ST/STM32CubeIDE_2.0.0/STM32CubeIDE/plugins/com.st.stm32cube.ide.mcu.externaltools.gnu-tools-for-stm32.13.3.rel1.win32_1.0.100.202509120712/tools/bin/../lib/gcc/arm-none-eabi/13.3.1/../../../../arm-none-eabi/lib/thumb/v7-m/nofp\libc_nano.a(libc_a-lock.o)
 .debug_frame   0x00002f10       0x38 C:/ST/STM32CubeIDE_2.0.0/STM32CubeIDE/plugins/com.st.stm32cube.ide.mcu.externaltools.gnu-tools-for-stm32.13.3.rel1.win32_1.0.100.202509120712/tools/bin/../lib/gcc/arm-none-eabi/13.3.1/../../../../arm-none-eabi/lib/thumb/v7-m/nofp\libc_nano.a(libc_a-freer.o)
 .debug_frame   0x00002f48       0x50 C:/ST/STM32CubeIDE_2.0.0/STM32CubeIDE/plugins/com.st.stm32cube.ide.mcu.externaltools.gnu-tools-for-stm32.13.3.rel1.win32_1.0.100.202509120712/tools/bin/../lib/gcc/arm-none-eabi/13.3.1/../../../../arm-none-eabi/lib/thumb/v7-m/nofp\libc_nano.a(libc_a-mallocr.o)
 .debug_frame   0x00002f98       0x30 C:/ST/STM32CubeIDE_2.0.0/STM32CubeIDE/plugins/com.st.stm32cube.ide.mcu.externaltools.gnu-tools-for-stm32.13.3.rel1.win32_1.0.100.202509120712/tools/bin/../lib/gcc/arm-none-eabi/13.3.1/../../../../arm-none-eabi/lib/thumb/v7-m/nofp\libc_nano.a(libc_a-mlock.o)
 .debug_frame   0x00002fc8       0x90 C:/ST/STM32CubeIDE_2.0.0/STM32CubeIDE/plugins/com.st.stm32cube.ide.mcu.externaltools.gnu-tools-for-stm32.13.3.rel1.win32_1.0.100.202509120712/tools/bin/../lib/gcc/arm-none-eabi/13.3.1/../../../../arm-none-eabi/lib/thumb/v7-m/nofp\libc_nano.a(libc_a-nano-svfprintf.o)
 .debug_frame   0x00003058       0x60 C:/ST/STM32CubeIDE_2.0.0/STM32CubeIDE/plugins/com.st.stm32cube.ide.mcu.externaltools.gnu-tools-for-stm32.13.3.rel1.win32_1.0.100.202509120712/tools/bin/../lib/gcc/arm-none-eabi/13.3.1/../../../../arm-none-eabi/lib/thumb/v7-m/nofp\libc_nano.a(libc_a-nano-vfprintf_i.o)
 .debug_frame   0x000030b8       0x28 C:/ST/STM32CubeIDE_2.0.0/STM32CubeIDE/plugins/com.st.stm32cube.ide.mcu.externaltools.gnu-tools-for-stm32.13.3.rel1.win32_1.0.100.202509120712/tools/bin/../lib/gcc/arm-none-eabi/13.3.1/../../../../arm-none-eabi/lib/thumb/v7-m/nofp\libc_nano.a(libc_a-memmove.o)
 .debug_frame   0x000030e0       0x2c C:/ST/STM32CubeIDE_2.0.0/STM32CubeIDE/plugins/com.st.stm32cube.ide.mcu.externaltools.gnu-tools-for-stm32.13.3.rel1.win32_1.0.100.202509120712/tools/bin/../lib/gcc/arm-none-eabi/13.3.1/../../../../arm-none-eabi/lib/thumb/v7-m/nofp\libc_nano.a(libc_a-sbrkr.o)
 .debug_frame   0x0000310c       0x28 C:/ST/STM32CubeIDE_2.0.0/STM32CubeIDE/plugins/com.st.stm32cube.ide.mcu.externaltools.gnu-tools-for-stm32.13.3.rel1.win32_1.0.100.202509120712/tools/bin/../lib/gcc/arm-none-eabi/13.3.1/../../../../arm-none-eabi/lib/thumb/v7-m/nofp\libc_nano.a(libc_a-memchr-stub.o)
 .debug_frame   0x00003134       0x28 C:/ST/STM32CubeIDE_2.0.0/STM32CubeIDE/plugins/com.st.stm32cube.ide.mcu.externaltools.gnu-tools-for-stm32.13.3.rel1.win32_1.0.100.202509120712/tools/bin/../lib/gcc/arm-none-eabi/13.3.1/../../../../arm-none-eabi/lib/thumb/v7-m/nofp\libc_nano.a(libc_a-memcpy-stub.o)
 .debug_frame   0x0000315c       0x3c C:/ST/STM32CubeIDE_2.0.0/STM32CubeIDE/plugins/com.st.stm32cube.ide.mcu.externaltools.gnu-tools-for-stm32.13.3.rel1.win32_1.0.100.202509120712/tools/bin/../lib/gcc/arm-none-eabi/13.3.1/../../../../arm-none-eabi/lib/thumb/v7-m/nofp\libc_nano.a(libc_a-reallocr.o)
 .debug_frame   0x00003198       0x20 C:/ST/STM32CubeIDE_2.0.0/STM32CubeIDE/plugins/com.st.stm32cube.ide.mcu.externaltools.gnu-tools-for-stm32.13.3.rel1.win32_1.0.100.202509120712/tools/bin/../lib/gcc/arm-none-eabi/13.3.1/../../../../arm-none-eabi/lib/thumb/v7-m/nofp\libc_nano.a(libc_a-msizer.o)

.debug_line_str
                0x00000000       0x54
 .debug_line_str
                0x00000000       0x54 ./Core/Startup/startup_stm32f103c8tx.o
