../Core/Src/wiznet/wizchip_conf.c:73:9:wizchip_cris_enter	4	static
../Core/Src/wiznet/wizchip_conf.c:81:9:wizchip_cris_exit	4	static
../Core/Src/wiznet/wizchip_conf.c:89:7:wizchip_cs_select	4	static
../Core/Src/wiznet/wizchip_conf.c:97:7:wizchip_cs_deselect	4	static
../Core/Src/wiznet/wizchip_conf.c:106:10:wizchip_bus_readdata	16	static
../Core/Src/wiznet/wizchip_conf.c:117:7:wizchip_bus_writedata	16	static
../Core/Src/wiznet/wizchip_conf.c:135:6:wizchip_bus_read_buf	40	static
../Core/Src/wiznet/wizchip_conf.c:159:6:wizchip_bus_write_buf	32	static
../Core/Src/wiznet/wizchip_conf.c:178:9:wizchip_spi_readbyte	4	static
../Core/Src/wiznet/wizchip_conf.c:188:7:wizchip_spi_writebyte	16	static
../Core/Src/wiznet/wizchip_conf.c:198:7:wizchip_spi_readburst	32	static
../Core/Src/wiznet/wizchip_conf.c:215:7:wizchip_spi_writeburst	24	static
../Core/Src/wiznet/wizchip_conf.c:230:6:wizchip_qspi_read	24	static
../Core/Src/wiznet/wizchip_conf.c:237:6:wizchip_qspi_write	24	static
../Core/Src/wiznet/wizchip_conf.c:295:6:reg_wizchip_cris_cbfunc	16	static
../Core/Src/wiznet/wizchip_conf.c:305:6:reg_wizchip_cs_cbfunc	16	static
../Core/Src/wiznet/wizchip_conf.c:317:6:reg_wizchip_bus_cbfunc	16	static
../Core/Src/wiznet/wizchip_conf.c:342:6:reg_wizchip_busbuf_cbfunc	16	static
../Core/Src/wiznet/wizchip_conf.c:399:6:reg_wizchip_spi_cbfunc	16	static
../Core/Src/wiznet/wizchip_conf.c:413:6:reg_wizchip_spiburst_cbfunc	16	static
../Core/Src/wiznet/wizchip_conf.c:425:6:reg_wizchip_qspi_cbfunc	16	static
../Core/Src/wiznet/wizchip_conf.c:439:8:ctlwizchip	40	static
../Core/Src/wiznet/wizchip_conf.c:584:8:ctlnetwork	16	static
../Core/Src/wiznet/wizchip_conf.c:624:6:wizchip_sw_reset	32	static
../Core/Src/wiznet/wizchip_conf.c:681:8:wizchip_init	24	static
../Core/Src/wiznet/wizchip_conf.c:784:6:wizchip_clrinterrupt	24	static
../Core/Src/wiznet/wizchip_conf.c:832:11:wizchip_getinterrupt	16	static
../Core/Src/wiznet/wizchip_conf.c:868:6:wizchip_setinterruptmask	24	static
../Core/Src/wiznet/wizchip_conf.c:896:11:wizchip_getinterruptmask	16	static
../Core/Src/wiznet/wizchip_conf.c:930:8:wizphy_getphylink	16	static
../Core/Src/wiznet/wizchip_conf.c:964:8:wizphy_getphypmode	16	static
../Core/Src/wiznet/wizchip_conf.c:1069:6:wizphy_reset	16	static
../Core/Src/wiznet/wizchip_conf.c:1078:6:wizphy_setphyconf	24	static
../Core/Src/wiznet/wizchip_conf.c:1106:6:wizphy_getphyconf	24	static
../Core/Src/wiznet/wizchip_conf.c:1141:6:wizphy_getphystat	24	static
../Core/Src/wiznet/wizchip_conf.c:1147:8:wizphy_setphypmode	24	static
../Core/Src/wiznet/wizchip_conf.c:1386:6:wizchip_setnetinfo	16	static
../Core/Src/wiznet/wizchip_conf.c:1398:6:wizchip_getnetinfo	16	static
../Core/Src/wiznet/wizchip_conf.c:1410:8:wizchip_setnetmode	24	static
../Core/Src/wiznet/wizchip_conf.c:1427:14:wizchip_getnetmode	8	static
../Core/Src/wiznet/wizchip_conf.c:1431:6:wizchip_settimeout	16	static
../Core/Src/wiznet/wizchip_conf.c:1436:6:wizchip_gettimeout	24	static
