../Core/Src/app_relay.c:22:6:UART_Print	16	static
../Core/Src/app_relay.c:50:13:W5500_Reset	8	static
../Core/Src/app_relay.c:65:13:Relay_Set	16	static
../Core/Src/app_relay.c:75:13:send_msg	16	static
../Core/Src/app_relay.c:80:13:send_hello	136	static
../Core/Src/app_relay.c:90:13:send_status	136	static
../Core/Src/app_relay.c:103:13:parse_cmd	24	static
../Core/Src/app_relay.c:147:13:socket_connect	8	static
../Core/Src/app_relay.c:165:13:socket_loop	144	static
../Core/Src/app_relay.c:190:6:App_Relay_Init	72	static
../Core/Src/app_relay.c:241:6:App_Relay_Process	8	static
